// Jest Snapshot v1, https://goo.gl/fbAQLP

exports[`renders AccountForm unchanged 1`] = `
<div>
  <h3
    class="memori--login-drawer--edit-account-title"
  >
    login.editAccount
  </h3>
  <form
    class="memori--login-drawer--form memori--login-drawer--account-form"
  >
    <details
      class="memori--details"
    >
      <summary>
        login.emailChange
      </summary>
      <label
        for="#eMail"
      >
        login.email
        <input
          aria-invalid="false"
          autocomplete="email"
          id="eMail"
          name="eMail"
          placeholder="nicola@nzambello.dev"
          type="email"
        />
      </label>
    </details>
    <details
      class="memori--details"
    >
      <summary>
        login.passwordChange
      </summary>
      <label
        for="#password"
      >
        login.currentPassword
        <input
          autocomplete="password"
          id="password"
          name="password"
          placeholder="login.currentPassword"
          type="password"
        />
      </label>
      <label
        for="#newPassword"
      >
        login.newPassword
        <input
          aria-invalid="false"
          autocomplete="new-password"
          id="newPassword"
          name="newPassword"
          placeholder="login.password"
          type="password"
        />
      </label>
      <label
        for="#confirm-password"
      >
        login.confirmPassword
        <input
          aria-invalid="false"
          autocomplete="new-password"
          id="confirm-password"
          name="confirmPassword"
          placeholder="login.confirmPassword"
          type="password"
        />
      </label>
      <meter
        class="memori--login-drawer--password-meter"
        high="66"
        id="password-strength-meter"
        low="33"
        max="100"
        min="0"
        optimum="80"
        value="0"
      />
      <small>
        login.pwdAcceptable
      </small>
    </details>
    <details
      class="memori--details"
    >
      <summary>
        login.avatarChange
      </summary>
      <label
        for="#avatar"
      >
        Avatar
        <input
          accept="image/jpeg, image/png, image/jpg, image/gif"
          id="avatar"
          name="avatar"
          placeholder="https://avatars.githubusercontent.com/u/21101435?v=4"
          type="file"
        />
      </label>
    </details>
    <label
      class="memori-checkbox memori-checkbox--disabled"
    >
      <span
        class="memori-checkbox--input-wrapper"
      >
        <input
          checked=""
          class="memori-checkbox--input"
          disabled=""
          name="tnCAndPPAccepted"
          type="checkbox"
        />
        <span
          class="memori-checkbox--inner"
        />
      </span>
      <span
        class="memori-checkbox--text"
      >
        login.privacyLabel
         
        <a
          href="https://memori.ai/en/privacy_and_cookie"
          rel="noopener noreferrer"
          target="_blank"
        >
          login.privacyAndCookiePolicy
        </a>
         
        login.and
         
        <a
          href="https://memori.ai/en/tos"
          rel="noopener noreferrer"
          target="_blank"
        >
          login.termsOfService
        </a>
      </span>
    </label>
    <label
      class="memori-checkbox"
    >
      <span
        class="memori-checkbox--input-wrapper"
      >
        <input
          checked=""
          class="memori-checkbox--input"
          name="pAndCUAccepted"
          type="checkbox"
        />
        <span
          class="memori-checkbox--inner"
        />
      </span>
      <div
        class="memori-tooltip memori-tooltip--align-left"
      >
        <div
          class="memori-tooltip--content"
        >
          login.deepThoughtExplaination
        </div>
        <div
          class="memori-tooltip--trigger"
        >
          <span
            class="memori-checkbox--text"
          >
            login.pAndCUAccepted
             
            <small>
              <em>
                (
                login.optional
                )
              </em>
            </small>
          </span>
        </div>
      </div>
    </label>
    <button
      class="memori-button memori-button--primary memori-button--rounded memori-button--padded"
      type="submit"
    >
      login.save
    </button>
  </form>
</div>
`;
