// Jest Snapshot v1, https://goo.gl/fbAQLP

exports[`renders Drawer loading unchanged 1`] = `
<div>
  <div
    style="position: fixed; top: 1px; left: 1px; width: 1px; height: 0px; padding: 0px; margin: -1px; overflow: hidden; clip: rect(0px, 0px, 0px, 0px); white-space: nowrap; border-width: 0px; display: none;"
  />
</div>
`;

exports[`renders Drawer non closable unchanged 1`] = `
<div>
  <div
    style="position: fixed; top: 1px; left: 1px; width: 1px; height: 0px; padding: 0px; margin: -1px; overflow: hidden; clip: rect(0px, 0px, 0px, 0px); white-space: nowrap; border-width: 0px; display: none;"
  />
</div>
`;

exports[`renders Drawer open unchanged 1`] = `
<div>
  <div
    style="position: fixed; top: 1px; left: 1px; width: 1px; height: 0px; padding: 0px; margin: -1px; overflow: hidden; clip: rect(0px, 0px, 0px, 0px); white-space: nowrap; border-width: 0px; display: none;"
  />
</div>
`;

exports[`renders Drawer side left unchanged 1`] = `
<div>
  <div
    style="position: fixed; top: 1px; left: 1px; width: 1px; height: 0px; padding: 0px; margin: -1px; overflow: hidden; clip: rect(0px, 0px, 0px, 0px); white-space: nowrap; border-width: 0px; display: none;"
  />
</div>
`;

exports[`renders Drawer unchanged 1`] = `<div />`;

exports[`renders Drawer with custom widths unchanged 1`] = `
<div>
  <div
    style="position: fixed; top: 1px; left: 1px; width: 1px; height: 0px; padding: 0px; margin: -1px; overflow: hidden; clip: rect(0px, 0px, 0px, 0px); white-space: nowrap; border-width: 0px; display: none;"
  />
</div>
`;

exports[`renders Drawer with description unchanged 1`] = `
<div>
  <div
    style="position: fixed; top: 1px; left: 1px; width: 1px; height: 0px; padding: 0px; margin: -1px; overflow: hidden; clip: rect(0px, 0px, 0px, 0px); white-space: nowrap; border-width: 0px; display: none;"
  />
</div>
`;

exports[`renders Drawer with footer unchanged 1`] = `
<div>
  <div
    style="position: fixed; top: 1px; left: 1px; width: 1px; height: 0px; padding: 0px; margin: -1px; overflow: hidden; clip: rect(0px, 0px, 0px, 0px); white-space: nowrap; border-width: 0px; display: none;"
  />
</div>
`;

exports[`renders Drawer with title unchanged 1`] = `
<div>
  <div
    style="position: fixed; top: 1px; left: 1px; width: 1px; height: 0px; padding: 0px; margin: -1px; overflow: hidden; clip: rect(0px, 0px, 0px, 0px); white-space: nowrap; border-width: 0px; display: none;"
  />
</div>
`;
