// Jest Snapshot v1, https://goo.gl/fbAQLP

exports[`renders Modal loading unchanged 1`] = `
<div>
  <div
    style="position: fixed; top: 1px; left: 1px; width: 1px; height: 0px; padding: 0px; margin: -1px; overflow: hidden; clip: rect(0px, 0px, 0px, 0px); white-space: nowrap; border-width: 0px; display: none;"
  />
</div>
`;

exports[`renders Modal non closable unchanged 1`] = `
<div>
  <div
    style="position: fixed; top: 1px; left: 1px; width: 1px; height: 0px; padding: 0px; margin: -1px; overflow: hidden; clip: rect(0px, 0px, 0px, 0px); white-space: nowrap; border-width: 0px; display: none;"
  />
</div>
`;

exports[`renders Modal open unchanged 1`] = `
<div>
  <div
    style="position: fixed; top: 1px; left: 1px; width: 1px; height: 0px; padding: 0px; margin: -1px; overflow: hidden; clip: rect(0px, 0px, 0px, 0px); white-space: nowrap; border-width: 0px; display: none;"
  />
</div>
`;

exports[`renders Modal unchanged 1`] = `
<div>
  <div
    style="position: fixed; top: 1px; left: 1px; width: 1px; height: 0px; padding: 0px; margin: -1px; overflow: hidden; clip: rect(0px, 0px, 0px, 0px); white-space: nowrap; border-width: 0px; display: none;"
  />
</div>
`;

exports[`renders Modal with description unchanged 1`] = `
<div>
  <div
    style="position: fixed; top: 1px; left: 1px; width: 1px; height: 0px; padding: 0px; margin: -1px; overflow: hidden; clip: rect(0px, 0px, 0px, 0px); white-space: nowrap; border-width: 0px; display: none;"
  />
</div>
`;

exports[`renders Modal with footer unchanged 1`] = `
<div>
  <div
    style="position: fixed; top: 1px; left: 1px; width: 1px; height: 0px; padding: 0px; margin: -1px; overflow: hidden; clip: rect(0px, 0px, 0px, 0px); white-space: nowrap; border-width: 0px; display: none;"
  />
</div>
`;

exports[`renders Modal with title unchanged 1`] = `
<div>
  <div
    style="position: fixed; top: 1px; left: 1px; width: 1px; height: 0px; padding: 0px; margin: -1px; overflow: hidden; clip: rect(0px, 0px, 0px, 0px); white-space: nowrap; border-width: 0px; display: none;"
  />
</div>
`;
