// Jest Snapshot v1, https://goo.gl/fbAQLP

exports[`renders StartPanel on instruct unchanged 1`] = `
<div>
  <div
    class="memori--start-panel"
  >
    <div
      class="memori--cover"
    >
      <div
        class="memori--gamification-badge"
      >
        <div
          class="memori-tooltip memori-tooltip--align-left"
        >
          <div
            class="memori-tooltip--content"
          >
            gamification.level üåç, 61 gamification.points
          </div>
          <div
            class="memori-tooltip--trigger"
          >
            <span
              aria-label="gamification.level üåç, 61 gamification.points"
            >
              üåç
            </span>
          </div>
        </div>
      </div>
      <div
        class="memori--completions-enabled"
      >
        <div
          class="memori-tooltip memori-tooltip--align-left"
        >
          <div
            class="memori-tooltip--content"
          >
            completionsEnabled
          </div>
          <div
            class="memori-tooltip--trigger"
          >
            <span
              aria-label="completionsEnabled"
            >
              <svg
                aria-hidden="true"
                fill="none"
                focusable="false"
                role="img"
                viewBox="0 0 24 24"
                xmlns="http://www.w3.org/2000/svg"
              >
                <g
                  clip-rule="evenodd"
                  fill="currentColor"
                  fill-rule="evenodd"
                >
                  <path
                    clip-rule="evenodd"
                    d="M0 4a4 4 0 014-4h16a4 4 0 014 4v16a4 4 0 01-4 4H4a4 4 0 01-4-4zm4-2.4A2.4 2.4 0 001.6 4v16A2.4 2.4 0 004 22.4h16a2.4 2.4 0 002.4-2.4V4A2.4 2.4 0 0020 1.6z"
                    fill-rule="evenodd"
                  />
                  <path
                    clip-rule="evenodd"
                    d="M9.715 8.442a.798.798 0 00-1.43 0l-3.2 6.4a.799.799 0 101.431.716l.579-1.158h3.811l.578 1.158a.8.8 0 001.431-.716zm.391 4.358L9 10.589 7.894 12.8z"
                    fill-rule="evenodd"
                  />
                  <path
                    clip-rule="evenodd"
                    d="M17 8c.552 0 1 .358 1 .8v6.4c0 .442-.448.8-1 .8s-1-.358-1-.8V8.8c0-.442.448-.8 1-.8z"
                    fill-rule="evenodd"
                  />
                </g>
              </svg>
            </span>
          </div>
        </div>
      </div>
    </div>
    <picture
      class="memori--avatar"
    >
      <source
        src="https://app.twincreator.com/images/twincreator/square_logo.png"
      />
      <img
        alt="Memori"
        src="https://app.twincreator.com/images/twincreator/square_logo.png"
      />
    </picture>
    <h2
      class="memori--title"
    >
      Memori
    </h2>
    <div
      class="memori--description"
    >
      <p>
        <span
          class="memori--description-text"
        >
          Lorem ipsum.
        </span>
      </p>
      <button
        class="memori-button memori-button--primary memori-button--rounded memori-button--padded memori--start-button"
      >
        write_and_speak.instructButton
      </button>
      <p
        class="memori--start-description"
      >
        write_and_speak.pageInstructExplanation
      </p>
    </div>
  </div>
</div>
`;

exports[`renders StartPanel unchanged 1`] = `
<div>
  <div
    class="memori--start-panel"
  >
    <div
      class="memori--cover"
    >
      <div
        class="memori--completions-enabled"
      >
        <div
          class="memori-tooltip memori-tooltip--align-left"
        >
          <div
            class="memori-tooltip--content"
          >
            completionsEnabled
          </div>
          <div
            class="memori-tooltip--trigger"
          >
            <span
              aria-label="completionsEnabled"
            >
              <svg
                aria-hidden="true"
                fill="none"
                focusable="false"
                role="img"
                viewBox="0 0 24 24"
                xmlns="http://www.w3.org/2000/svg"
              >
                <g
                  clip-rule="evenodd"
                  fill="currentColor"
                  fill-rule="evenodd"
                >
                  <path
                    clip-rule="evenodd"
                    d="M0 4a4 4 0 014-4h16a4 4 0 014 4v16a4 4 0 01-4 4H4a4 4 0 01-4-4zm4-2.4A2.4 2.4 0 001.6 4v16A2.4 2.4 0 004 22.4h16a2.4 2.4 0 002.4-2.4V4A2.4 2.4 0 0020 1.6z"
                    fill-rule="evenodd"
                  />
                  <path
                    clip-rule="evenodd"
                    d="M9.715 8.442a.798.798 0 00-1.43 0l-3.2 6.4a.799.799 0 101.431.716l.579-1.158h3.811l.578 1.158a.8.8 0 001.431-.716zm.391 4.358L9 10.589 7.894 12.8z"
                    fill-rule="evenodd"
                  />
                  <path
                    clip-rule="evenodd"
                    d="M17 8c.552 0 1 .358 1 .8v6.4c0 .442-.448.8-1 .8s-1-.358-1-.8V8.8c0-.442.448-.8 1-.8z"
                    fill-rule="evenodd"
                  />
                </g>
              </svg>
            </span>
          </div>
        </div>
      </div>
    </div>
    <picture
      class="memori--avatar"
    >
      <source
        src="https://app.twincreator.com/images/twincreator/square_logo.png"
      />
      <img
        alt="Memori"
        src="https://app.twincreator.com/images/twincreator/square_logo.png"
      />
    </picture>
    <h2
      class="memori--title"
    >
      Memori
    </h2>
    <div
      class="memori--description"
    >
      <p>
        <span
          class="memori--description-text"
        >
          Lorem ipsum.
        </span>
      </p>
      <button
        class="memori-button memori-button--primary memori-button--rounded memori-button--padded memori--start-button"
      >
        write_and_speak.tryMeButton
      </button>
      <p
        class="memori--start-description"
      >
        write_and_speak.pageTryMeExplanation
      </p>
    </div>
  </div>
</div>
`;

exports[`renders StartPanel with completions enabled unchanged 1`] = `
<div>
  <div
    class="memori--start-panel"
  >
    <div
      class="memori--cover"
    >
      <div
        class="memori--completions-enabled"
      >
        <div
          class="memori-tooltip memori-tooltip--align-left"
        >
          <div
            class="memori-tooltip--content"
          >
            completionsEnabled
          </div>
          <div
            class="memori-tooltip--trigger"
          >
            <span
              aria-label="completionsEnabled"
            >
              <svg
                aria-hidden="true"
                fill="none"
                focusable="false"
                role="img"
                viewBox="0 0 24 24"
                xmlns="http://www.w3.org/2000/svg"
              >
                <g
                  clip-rule="evenodd"
                  fill="currentColor"
                  fill-rule="evenodd"
                >
                  <path
                    clip-rule="evenodd"
                    d="M0 4a4 4 0 014-4h16a4 4 0 014 4v16a4 4 0 01-4 4H4a4 4 0 01-4-4zm4-2.4A2.4 2.4 0 001.6 4v16A2.4 2.4 0 004 22.4h16a2.4 2.4 0 002.4-2.4V4A2.4 2.4 0 0020 1.6z"
                    fill-rule="evenodd"
                  />
                  <path
                    clip-rule="evenodd"
                    d="M9.715 8.442a.798.798 0 00-1.43 0l-3.2 6.4a.799.799 0 101.431.716l.579-1.158h3.811l.578 1.158a.8.8 0 001.431-.716zm.391 4.358L9 10.589 7.894 12.8z"
                    fill-rule="evenodd"
                  />
                  <path
                    clip-rule="evenodd"
                    d="M17 8c.552 0 1 .358 1 .8v6.4c0 .442-.448.8-1 .8s-1-.358-1-.8V8.8c0-.442.448-.8 1-.8z"
                    fill-rule="evenodd"
                  />
                </g>
              </svg>
            </span>
          </div>
        </div>
      </div>
    </div>
    <picture
      class="memori--avatar"
    >
      <source
        src="https://app.twincreator.com/images/twincreator/square_logo.png"
      />
      <img
        alt="Memori"
        src="https://app.twincreator.com/images/twincreator/square_logo.png"
      />
    </picture>
    <h2
      class="memori--title"
    >
      Memori
    </h2>
    <div
      class="memori--description"
    >
      <p>
        <span
          class="memori--description-text"
        >
          Lorem ipsum.
        </span>
      </p>
      <button
        class="memori-button memori-button--primary memori-button--rounded memori-button--padded memori--start-button"
      >
        write_and_speak.tryMeButton
      </button>
      <p
        class="memori--start-description"
      >
        write_and_speak.pageTryMeExplanation
      </p>
    </div>
  </div>
</div>
`;

exports[`renders StartPanel with gamification level unchanged 1`] = `
<div>
  <div
    class="memori--start-panel"
  >
    <div
      class="memori--cover"
    >
      <div
        class="memori--gamification-badge"
      >
        <div
          class="memori-tooltip memori-tooltip--align-left"
        >
          <div
            class="memori-tooltip--content"
          >
            gamification.level üåç, 61 gamification.points
          </div>
          <div
            class="memori-tooltip--trigger"
          >
            <span
              aria-label="gamification.level üåç, 61 gamification.points"
            >
              üåç
            </span>
          </div>
        </div>
      </div>
      <div
        class="memori--completions-enabled"
      >
        <div
          class="memori-tooltip memori-tooltip--align-left"
        >
          <div
            class="memori-tooltip--content"
          >
            completionsEnabled
          </div>
          <div
            class="memori-tooltip--trigger"
          >
            <span
              aria-label="completionsEnabled"
            >
              <svg
                aria-hidden="true"
                fill="none"
                focusable="false"
                role="img"
                viewBox="0 0 24 24"
                xmlns="http://www.w3.org/2000/svg"
              >
                <g
                  clip-rule="evenodd"
                  fill="currentColor"
                  fill-rule="evenodd"
                >
                  <path
                    clip-rule="evenodd"
                    d="M0 4a4 4 0 014-4h16a4 4 0 014 4v16a4 4 0 01-4 4H4a4 4 0 01-4-4zm4-2.4A2.4 2.4 0 001.6 4v16A2.4 2.4 0 004 22.4h16a2.4 2.4 0 002.4-2.4V4A2.4 2.4 0 0020 1.6z"
                    fill-rule="evenodd"
                  />
                  <path
                    clip-rule="evenodd"
                    d="M9.715 8.442a.798.798 0 00-1.43 0l-3.2 6.4a.799.799 0 101.431.716l.579-1.158h3.811l.578 1.158a.8.8 0 001.431-.716zm.391 4.358L9 10.589 7.894 12.8z"
                    fill-rule="evenodd"
                  />
                  <path
                    clip-rule="evenodd"
                    d="M17 8c.552 0 1 .358 1 .8v6.4c0 .442-.448.8-1 .8s-1-.358-1-.8V8.8c0-.442.448-.8 1-.8z"
                    fill-rule="evenodd"
                  />
                </g>
              </svg>
            </span>
          </div>
        </div>
      </div>
    </div>
    <picture
      class="memori--avatar"
    >
      <source
        src="https://app.twincreator.com/images/twincreator/square_logo.png"
      />
      <img
        alt="Memori"
        src="https://app.twincreator.com/images/twincreator/square_logo.png"
      />
    </picture>
    <h2
      class="memori--title"
    >
      Memori
    </h2>
    <div
      class="memori--description"
    >
      <p>
        <span
          class="memori--description-text"
        >
          Lorem ipsum.
        </span>
      </p>
      <button
        class="memori-button memori-button--primary memori-button--rounded memori-button--padded memori--start-button"
      >
        write_and_speak.tryMeButton
      </button>
      <p
        class="memori--start-description"
      >
        write_and_speak.pageTryMeExplanation
      </p>
    </div>
  </div>
</div>
`;

exports[`renders StartPanel with integrationConfig unchanged 1`] = `
<div>
  <div
    class="memori--start-panel"
  >
    <div
      class="memori--cover"
    >
      <div
        class="memori--completions-enabled"
      >
        <div
          class="memori-tooltip memori-tooltip--align-left"
        >
          <div
            class="memori-tooltip--content"
          >
            completionsEnabled
          </div>
          <div
            class="memori-tooltip--trigger"
          >
            <span
              aria-label="completionsEnabled"
            >
              <svg
                aria-hidden="true"
                fill="none"
                focusable="false"
                role="img"
                viewBox="0 0 24 24"
                xmlns="http://www.w3.org/2000/svg"
              >
                <g
                  clip-rule="evenodd"
                  fill="currentColor"
                  fill-rule="evenodd"
                >
                  <path
                    clip-rule="evenodd"
                    d="M0 4a4 4 0 014-4h16a4 4 0 014 4v16a4 4 0 01-4 4H4a4 4 0 01-4-4zm4-2.4A2.4 2.4 0 001.6 4v16A2.4 2.4 0 004 22.4h16a2.4 2.4 0 002.4-2.4V4A2.4 2.4 0 0020 1.6z"
                    fill-rule="evenodd"
                  />
                  <path
                    clip-rule="evenodd"
                    d="M9.715 8.442a.798.798 0 00-1.43 0l-3.2 6.4a.799.799 0 101.431.716l.579-1.158h3.811l.578 1.158a.8.8 0 001.431-.716zm.391 4.358L9 10.589 7.894 12.8z"
                    fill-rule="evenodd"
                  />
                  <path
                    clip-rule="evenodd"
                    d="M17 8c.552 0 1 .358 1 .8v6.4c0 .442-.448.8-1 .8s-1-.358-1-.8V8.8c0-.442.448-.8 1-.8z"
                    fill-rule="evenodd"
                  />
                </g>
              </svg>
            </span>
          </div>
        </div>
      </div>
    </div>
    <picture
      class="memori--avatar"
    >
      <source
        src="https://app.twincreator.com/images/twincreator/square_logo.png"
      />
      <img
        alt="Memori"
        src="https://app.twincreator.com/images/twincreator/square_logo.png"
      />
    </picture>
    <h2
      class="memori--title"
    >
      Memori
    </h2>
    <div
      class="memori--description"
    >
      <p>
        <span
          class="memori--description-text"
        >
          Lorem ipsum.
        </span>
      </p>
      <div
        class="memori--language-chooser"
      >
        <label
          for="user-lang-pref"
          id="user-lang-pref-label"
        >
          write_and_speak.iWantToTalkToIn
        </label>
        <select
          aria-labelledby="user-lang-pref-label"
          class="memori-select--button"
          id="user-lang-pref"
        >
          <option
            aria-label="Italiano"
            value="IT"
          >
            Italiano
          </option>
          <option
            aria-label="English"
            value="EN"
          >
            English
          </option>
          <option
            aria-label="Deutsch"
            value="DE"
          >
            Deutsch
          </option>
          <option
            aria-label="Espa√±ol"
            value="ES"
          >
            Espa√±ol
          </option>
          <option
            aria-label="Fran√ßais"
            value="FR"
          >
            Fran√ßais
          </option>
          <option
            aria-label="Portugu√™s"
            value="PT"
          >
            Portugu√™s
          </option>
          <option
            aria-label="–£–∫—Ä–∞—ó–Ω—Å—å–∫–∞"
            value="UK"
          >
            –£–∫—Ä–∞—ó–Ω—Å—å–∫–∞
          </option>
          <option
            aria-label="–†—É—Å—Å–∫–∏–π"
            value="RU"
          >
            –†—É—Å—Å–∫–∏–π
          </option>
          <option
            aria-label="Polski"
            value="PL"
          >
            Polski
          </option>
        </select>
      </div>
      <button
        class="memori-button memori-button--primary memori-button--rounded memori-button--padded memori--start-button"
      >
        write_and_speak.tryMeButton
      </button>
      <p
        class="memori--start-description"
      >
        write_and_speak.pageTryMeExplanation
      </p>
    </div>
  </div>
</div>
`;

exports[`renders StartPanel with position required unchanged 1`] = `
<div>
  <div
    class="memori--start-panel"
  >
    <div
      class="memori--cover"
    >
      <div
        class="memori--gamification-badge"
      >
        <div
          class="memori-tooltip memori-tooltip--align-left"
        >
          <div
            class="memori-tooltip--content"
          >
            gamification.level üåç, 61 gamification.points
          </div>
          <div
            class="memori-tooltip--trigger"
          >
            <span
              aria-label="gamification.level üåç, 61 gamification.points"
            >
              üåç
            </span>
          </div>
        </div>
      </div>
      <div
        class="memori--completions-enabled"
      >
        <div
          class="memori-tooltip memori-tooltip--align-left"
        >
          <div
            class="memori-tooltip--content"
          >
            completionsEnabled
          </div>
          <div
            class="memori-tooltip--trigger"
          >
            <span
              aria-label="completionsEnabled"
            >
              <svg
                aria-hidden="true"
                fill="none"
                focusable="false"
                role="img"
                viewBox="0 0 24 24"
                xmlns="http://www.w3.org/2000/svg"
              >
                <g
                  clip-rule="evenodd"
                  fill="currentColor"
                  fill-rule="evenodd"
                >
                  <path
                    clip-rule="evenodd"
                    d="M0 4a4 4 0 014-4h16a4 4 0 014 4v16a4 4 0 01-4 4H4a4 4 0 01-4-4zm4-2.4A2.4 2.4 0 001.6 4v16A2.4 2.4 0 004 22.4h16a2.4 2.4 0 002.4-2.4V4A2.4 2.4 0 0020 1.6z"
                    fill-rule="evenodd"
                  />
                  <path
                    clip-rule="evenodd"
                    d="M9.715 8.442a.798.798 0 00-1.43 0l-3.2 6.4a.799.799 0 101.431.716l.579-1.158h3.811l.578 1.158a.8.8 0 001.431-.716zm.391 4.358L9 10.589 7.894 12.8z"
                    fill-rule="evenodd"
                  />
                  <path
                    clip-rule="evenodd"
                    d="M17 8c.552 0 1 .358 1 .8v6.4c0 .442-.448.8-1 .8s-1-.358-1-.8V8.8c0-.442.448-.8 1-.8z"
                    fill-rule="evenodd"
                  />
                </g>
              </svg>
            </span>
          </div>
        </div>
      </div>
    </div>
    <picture
      class="memori--avatar"
    >
      <source
        src="https://app.twincreator.com/images/twincreator/square_logo.png"
      />
      <img
        alt="Memori"
        src="https://app.twincreator.com/images/twincreator/square_logo.png"
      />
    </picture>
    <h2
      class="memori--title"
    >
      Memori
    </h2>
    <div
      class="memori--needsPosition"
    >
      <p>
        write_and_speak.requirePosition
      </p>
      <button
        class="memori-button memori-button--primary memori-button--rounded memori-button--padded memori--start-button"
      >
        widget.position
      </button>
    </div>
  </div>
</div>
`;
