// Jest Snapshot v1, https://goo.gl/fbAQLP

exports[`renders FilePreview unchanged 1`] = `<div />`;

exports[`renders FilePreview with one file 1`] = `
<div>
  <div
    class="memori--preview-container  memori--absolute-preview"
  >
    <div
      class="memori--preview-list"
    >
      <div
        class="memori--preview-item memori--preview-item--document"
      >
        <svg
          class="memori--preview-icon"
          fill="none"
          viewBox="0 0 24 24"
          xmlns="http://www.w3.org/2000/svg"
        >
          <path
            d="M14 2.5H6C5.60218 2.5 5.22064 2.65804 4.93934 2.93934C4.65804 3.22064 4.5 3.60218 4.5 4V20C4.5 20.3978 4.65804 20.7794 4.93934 21.0607C5.22064 21.342 5.60218 21.5 6 21.5H18C18.3978 21.5 18.7794 21.342 19.0607 21.0607C19.342 20.7794 19.5 20.3978 19.5 20V8L14 2.5Z"
            stroke="currentColor"
            stroke-linecap="round"
            stroke-linejoin="round"
            stroke-width="1.5"
          />
          <path
            d="M14 2.5V8H19.5"
            stroke="currentColor"
            stroke-linecap="round"
            stroke-linejoin="round"
            stroke-width="1.5"
          />
          <path
            d="M16 13H8"
            stroke="currentColor"
            stroke-linecap="round"
            stroke-linejoin="round"
            stroke-width="1.5"
          />
          <path
            d="M16 17H8"
            stroke="currentColor"
            stroke-linecap="round"
            stroke-linejoin="round"
            stroke-width="1.5"
          />
          <path
            d="M10 9H8"
            stroke="currentColor"
            stroke-linecap="round"
            stroke-linejoin="round"
            stroke-width="1.5"
          />
        </svg>
        <div
          class="memori--preview-file-info"
        >
          <span
            class="memori--preview-filename"
          >
            test.pdf
          </span>
          <span
            class="memori--preview-filetype"
          >
            PDF
          </span>
        </div>
        <button
          class="memori-button memori-button--rounded memori-button--padded memori-button--icon-only memori-button--danger memori--remove-button "
        >
          <span
            class="memori-button--icon"
          >
            <svg
              aria-hidden="true"
              focusable="false"
              role="img"
              viewBox="0 0 1024 1024"
              xmlns="http://www.w3.org/2000/svg"
            >
              <path
                d="M563.8 512l262.5-312.9c4.4-5.2.7-13.1-6.1-13.1h-79.8c-4.7 0-9.2 2.1-12.3 5.7L511.6 449.8 295.1 191.7c-3-3.6-7.5-5.7-12.3-5.7H203c-6.8 0-10.5 7.9-6.1 13.1L459.4 512 196.9 824.9A7.95 7.95 0 0 0 203 838h79.8c4.7 0 9.2-2.1 12.3-5.7l216.5-258.1 216.5 258.1c3 3.6 7.5 5.7 12.3 5.7h79.8c6.8 0 10.5-7.9 6.1-13.1L563.8 512z"
                fill="currentColor"
                stroke="none"
                stroke-width="0"
              />
            </svg>
          </span>
        </button>
      </div>
    </div>
  </div>
</div>
`;

exports[`renders FilePreview with two files 1`] = `
<div>
  <div
    class="memori--preview-container  memori--absolute-preview"
  >
    <div
      class="memori--preview-list"
    >
      <div
        class="memori--preview-item memori--preview-item--document"
      >
        <svg
          class="memori--preview-icon"
          fill="none"
          viewBox="0 0 24 24"
          xmlns="http://www.w3.org/2000/svg"
        >
          <path
            d="M14 2.5H6C5.60218 2.5 5.22064 2.65804 4.93934 2.93934C4.65804 3.22064 4.5 3.60218 4.5 4V20C4.5 20.3978 4.65804 20.7794 4.93934 21.0607C5.22064 21.342 5.60218 21.5 6 21.5H18C18.3978 21.5 18.7794 21.342 19.0607 21.0607C19.342 20.7794 19.5 20.3978 19.5 20V8L14 2.5Z"
            stroke="currentColor"
            stroke-linecap="round"
            stroke-linejoin="round"
            stroke-width="1.5"
          />
          <path
            d="M14 2.5V8H19.5"
            stroke="currentColor"
            stroke-linecap="round"
            stroke-linejoin="round"
            stroke-width="1.5"
          />
          <path
            d="M16 13H8"
            stroke="currentColor"
            stroke-linecap="round"
            stroke-linejoin="round"
            stroke-width="1.5"
          />
          <path
            d="M16 17H8"
            stroke="currentColor"
            stroke-linecap="round"
            stroke-linejoin="round"
            stroke-width="1.5"
          />
          <path
            d="M10 9H8"
            stroke="currentColor"
            stroke-linecap="round"
            stroke-linejoin="round"
            stroke-width="1.5"
          />
        </svg>
        <div
          class="memori--preview-file-info"
        >
          <span
            class="memori--preview-filename"
          >
            test.pdf
          </span>
          <span
            class="memori--preview-filetype"
          >
            PDF
          </span>
        </div>
        <button
          class="memori-button memori-button--rounded memori-button--padded memori-button--icon-only memori-button--danger memori--remove-button "
        >
          <span
            class="memori-button--icon"
          >
            <svg
              aria-hidden="true"
              focusable="false"
              role="img"
              viewBox="0 0 1024 1024"
              xmlns="http://www.w3.org/2000/svg"
            >
              <path
                d="M563.8 512l262.5-312.9c4.4-5.2.7-13.1-6.1-13.1h-79.8c-4.7 0-9.2 2.1-12.3 5.7L511.6 449.8 295.1 191.7c-3-3.6-7.5-5.7-12.3-5.7H203c-6.8 0-10.5 7.9-6.1 13.1L459.4 512 196.9 824.9A7.95 7.95 0 0 0 203 838h79.8c4.7 0 9.2-2.1 12.3-5.7l216.5-258.1 216.5 258.1c3 3.6 7.5 5.7 12.3 5.7h79.8c6.8 0 10.5-7.9 6.1-13.1L563.8 512z"
                fill="currentColor"
                stroke="none"
                stroke-width="0"
              />
            </svg>
          </span>
        </button>
      </div>
      <div
        class="memori--preview-item memori--preview-item--document"
      >
        <svg
          class="memori--preview-icon"
          fill="none"
          viewBox="0 0 24 24"
          xmlns="http://www.w3.org/2000/svg"
        >
          <path
            d="M14 2.5H6C5.60218 2.5 5.22064 2.65804 4.93934 2.93934C4.65804 3.22064 4.5 3.60218 4.5 4V20C4.5 20.3978 4.65804 20.7794 4.93934 21.0607C5.22064 21.342 5.60218 21.5 6 21.5H18C18.3978 21.5 18.7794 21.342 19.0607 21.0607C19.342 20.7794 19.5 20.3978 19.5 20V8L14 2.5Z"
            stroke="currentColor"
            stroke-linecap="round"
            stroke-linejoin="round"
            stroke-width="1.5"
          />
          <path
            d="M14 2.5V8H19.5"
            stroke="currentColor"
            stroke-linecap="round"
            stroke-linejoin="round"
            stroke-width="1.5"
          />
          <path
            d="M16 13H8"
            stroke="currentColor"
            stroke-linecap="round"
            stroke-linejoin="round"
            stroke-width="1.5"
          />
          <path
            d="M16 17H8"
            stroke="currentColor"
            stroke-linecap="round"
            stroke-linejoin="round"
            stroke-width="1.5"
          />
          <path
            d="M10 9H8"
            stroke="currentColor"
            stroke-linecap="round"
            stroke-linejoin="round"
            stroke-width="1.5"
          />
        </svg>
        <div
          class="memori--preview-file-info"
        >
          <span
            class="memori--preview-filename"
          >
            test.pdf
          </span>
          <span
            class="memori--preview-filetype"
          >
            PDF
          </span>
        </div>
        <button
          class="memori-button memori-button--rounded memori-button--padded memori-button--icon-only memori-button--danger memori--remove-button "
        >
          <span
            class="memori-button--icon"
          >
            <svg
              aria-hidden="true"
              focusable="false"
              role="img"
              viewBox="0 0 1024 1024"
              xmlns="http://www.w3.org/2000/svg"
            >
              <path
                d="M563.8 512l262.5-312.9c4.4-5.2.7-13.1-6.1-13.1h-79.8c-4.7 0-9.2 2.1-12.3 5.7L511.6 449.8 295.1 191.7c-3-3.6-7.5-5.7-12.3-5.7H203c-6.8 0-10.5 7.9-6.1 13.1L459.4 512 196.9 824.9A7.95 7.95 0 0 0 203 838h79.8c4.7 0 9.2-2.1 12.3-5.7l216.5-258.1 216.5 258.1c3 3.6 7.5 5.7 12.3 5.7h79.8c6.8 0 10.5-7.9 6.1-13.1L563.8 512z"
                fill="currentColor"
                stroke="none"
                stroke-width="0"
              />
            </svg>
          </span>
        </button>
      </div>
    </div>
  </div>
</div>
`;
