// Jest Snapshot v1, https://goo.gl/fbAQLP

exports[`renders ChatHistoryDrawer closed unchanged 1`] = `<div />`;

exports[`renders ChatHistoryDrawer unchanged 1`] = `
<div>
  <div
    style="position: fixed; top: 1px; left: 1px; width: 1px; height: 0px; padding: 0px; margin: -1px; overflow: hidden; clip: rect(0px, 0px, 0px, 0px); white-space: nowrap; border-width: 0px; display: none;"
  />
</div>
`;

exports[`renders ChatHistoryDrawer with chat logs unchanged 1`] = `
<div>
  <div
    style="position: fixed; top: 1px; left: 1px; width: 1px; height: 0px; padding: 0px; margin: -1px; overflow: hidden; clip: rect(0px, 0px, 0px, 0px); white-space: nowrap; border-width: 0px; display: none;"
  />
</div>
`;

exports[`renders ChatHistoryDrawer with selected chat log unchanged 1`] = `
<div>
  <div
    style="position: fixed; top: 1px; left: 1px; width: 1px; height: 0px; padding: 0px; margin: -1px; overflow: hidden; clip: rect(0px, 0px, 0px, 0px); white-space: nowrap; border-width: 0px; display: none;"
  />
</div>
`;
