// Jest Snapshot v1, https://goo.gl/fbAQLP

exports[`renders FeedbackButtons unchanged 1`] = `
<div>
  <div
    class="memori-chat--feedback"
  >
    <div
      class="memori-tooltip memori-tooltip--align-left"
    >
      <div
        class="memori-tooltip--content"
      >
        Feedback
      </div>
      <div
        class="memori-tooltip--trigger"
      >
        <button
          class="memori-button memori-button--ghost memori-button--circle memori-button--padded memori-button--icon-only"
          title="Feedback"
        >
          <span
            class="memori-button--icon"
          >
            <svg
              aria-hidden="true"
              focusable="false"
              role="img"
              viewBox="0 0 24 24"
              xmlns="http://www.w3.org/2000/svg"
            >
              <path
                d="M0 0h24v24H0V0z"
                fill="none"
              />
              <path
                d="M20 2H4c-1.1 0-1.99.9-1.99 2L2 22l4-4h14c1.1 0 2-.9 2-2V4c0-1.1-.9-2-2-2zm0 14H5.17l-.59.59-.58.58V4h16v12zm-9-4h2v2h-2zm0-6h2v4h-2z"
              />
            </svg>
          </span>
        </button>
      </div>
    </div>
  </div>
</div>
`;
