// Jest Snapshot v1, https://goo.gl/fbAQLP

exports[`renders ZOOMED_FULL_BODY layout unchanged 1`] = `
<div>
  <div
    class="memori memori-widget memori-layout-zoomed_full_body memori-controls-bottom memori--avatar-readyplayerme memori--with-integration"
    data-memori-engine-state="{}"
    data-memori-id="66b4e161-2431-4b21-9b70-d8c27de730ca"
    data-memori-integration="cb3c4776-7f0b-4f97-a773-c32a5d7a3bf1"
    data-memori-name="Memori"
    data-memori-secondary-id="25ced51c-3520-41af-8bbe-222d861b8e32"
    style="height: 100vh;"
  >
    <style>
      
    memori-client, .memori-widget, .memori-drawer, .memori-modal {
      --memori-chat-bubble-bg: #fff;
--memori-text-color: #2a2a2a;
--memori-button-bg: #823ce1;
--memori-primary: #823ce1;
--memori-button-text: #ffffff;
--memori-blur-background: 5px;
--memori-inner-bg: rgba(255, 255, 255, 0.8);
--memori-inner-content-pad: 1.5rem;
--memori-nav-bg-image: none;
--memori-nav-bg: rgba(255, 255, 255, 0.8);
    }
  
    </style>
    <div
      class="memori--global-background"
    >
      <div
        class="memori--global-background-image"
        style="background-image: url(https://assets.memori.ai/api/v2/asset/364e498c-11da-42d5-9e32-19e5d137d4b8.jpeg);"
      />
    </div>
    <div
      class="memori-spin memori-spin--zoomed-full-body"
    >
      <div
        class="memori-chat-layout--header "
      >
        <div
          class="memori-header"
        >
          <button
            class="memori-button memori-button--primary memori-button--circle memori-button--padded memori-button--icon-only memori-header--button memori-header--button--speaker"
            title="Suono"
          >
            <span
              class="memori-button--icon"
            >
              <svg
                aria-hidden="true"
                focusable="false"
                role="img"
                viewBox="0 0 1024 1024"
                xmlns="http://www.w3.org/2000/svg"
              >
                <path
                  d="M625.9 115c-5.9 0-11.9 1.6-17.4 5.3L254 352H90c-8.8 0-16 7.2-16 16v288c0 8.8 7.2 16 16 16h164l354.5 231.7c5.5 3.6 11.6 5.3 17.4 5.3 16.7 0 32.1-13.3 32.1-32.1V147.1c0-18.8-15.4-32.1-32.1-32.1zM586 803L293.4 611.7l-18-11.7H146V424h129.4l17.9-11.7L586 221v582zm348-327H806c-8.8 0-16 7.2-16 16v40c0 8.8 7.2 16 16 16h128c8.8 0 16-7.2 16-16v-40c0-8.8-7.2-16-16-16zm-41.9 261.8l-110.3-63.7a15.9 15.9 0 00-21.7 5.9l-19.9 34.5c-4.4 7.6-1.8 17.4 5.8 21.8L856.3 800a15.9 15.9 0 0021.7-5.9l19.9-34.5c4.4-7.6 1.7-17.4-5.8-21.8zM760 344a15.9 15.9 0 0021.7 5.9L892 286.2c7.6-4.4 10.2-14.2 5.8-21.8L878 230a15.9 15.9 0 00-21.7-5.9L746 287.8a15.99 15.99 0 00-5.8 21.8L760 344z"
                />
              </svg>
            </span>
          </button>
          <div
            class="memori-share-button memori-share-button--align-left"
            data-headlessui-state=""
          >
            <button
              aria-expanded="false"
              aria-haspopup="true"
              class="memori-button memori-button--circle memori-button--icon-only memori-share-button--button memori-header--button memori-header--button-share memori-button--primary"
              data-headlessui-state=""
              id="headlessui-menu-button-:r0:"
              title="Condividi"
              type="button"
            >
              <div
                class="memori-button--icon"
              >
                <svg
                  aria-hidden="true"
                  focusable="false"
                  role="img"
                  viewBox="0 0 1024 1024"
                  xmlns="http://www.w3.org/2000/svg"
                >
                  <path
                    d="M752 664c-28.5 0-54.8 10-75.4 26.7L469.4 540.8a160.68 160.68 0 0 0 0-57.6l207.2-149.9C697.2 350 723.5 360 752 360c66.2 0 120-53.8 120-120s-53.8-120-120-120-120 53.8-120 120c0 11.6 1.6 22.7 4.7 33.3L439.9 415.8C410.7 377.1 364.3 352 312 352c-88.4 0-160 71.6-160 160s71.6 160 160 160c52.3 0 98.7-25.1 127.9-63.8l196.8 142.5c-3.1 10.6-4.7 21.8-4.7 33.3 0 66.2 53.8 120 120 120s120-53.8 120-120-53.8-120-120-120zm0-476c28.7 0 52 23.3 52 52s-23.3 52-52 52-52-23.3-52-52 23.3-52 52-52zM312 600c-48.5 0-88-39.5-88-88s39.5-88 88-88 88 39.5 88 88-39.5 88-88 88zm440 236c-28.7 0-52-23.3-52-52s23.3-52 52-52 52 23.3 52 52-23.3 52-52 52z"
                  />
                </svg>
              </div>
            </button>
          </div>
        </div>
      </div>
      <div
        class="memori--grid"
      >
        <div
          class="memori--grid-column memori--grid-column-left"
        >
          <div
            class="memori--avatar-wrapper memori--avatar-readyplayerme"
          >
            <div
              class="memori--blob-container"
            >
              <div
                class="memori-blob"
              >
                <div
                  class="mainDiv"
                />
                <div
                  class="mainDiv"
                />
                <div
                  class="mainDiv"
                />
                <div
                  class="mainDiv"
                />
                <div
                  class="mainDiv"
                />
              </div>
            </div>
          </div>
          <div
            class="memori--avatar-toggle"
          >
            <button
              class="memori-button memori-button--ghost memori-button--rounded memori-button--padded memori-button--with-icon"
            >
              <span
                class="memori-button--icon"
              >
                <svg
                  aria-hidden="true"
                  focusable="false"
                  role="img"
                  viewBox="0 0 1024 1024"
                  xmlns="http://www.w3.org/2000/svg"
                >
                  <path
                    d="M942.2 486.2Q889.47 375.11 816.7 305l-50.88 50.88C807.31 395.53 843.45 447.4 874.7 512 791.5 684.2 673.4 766 512 766q-72.67 0-133.87-22.38L323 798.75Q408 838 512 838q288.3 0 430.2-300.3a60.29 60.29 0 000-51.5zm-63.57-320.64L836 122.88a8 8 0 00-11.32 0L715.31 232.2Q624.86 186 512 186q-288.3 0-430.2 300.3a60.3 60.3 0 000 51.5q56.69 119.4 136.5 191.41L112.48 835a8 8 0 000 11.31L155.17 889a8 8 0 0011.31 0l712.15-712.12a8 8 0 000-11.32zM149.3 512C232.6 339.8 350.7 258 512 258c54.54 0 104.13 9.36 149.12 28.39l-70.3 70.3a176 176 0 00-238.13 238.13l-83.42 83.42C223.1 637.49 183.3 582.28 149.3 512zm246.7 0a112.11 112.11 0 01146.2-106.69L401.31 546.2A112 112 0 01396 512z"
                  />
                  <path
                    d="M508 624c-3.46 0-6.87-.16-10.25-.47l-52.82 52.82a176.09 176.09 0 00227.42-227.42l-52.82 52.82c.31 3.38.47 6.79.47 10.25a111.94 111.94 0 01-112 112z"
                  />
                </svg>
              </span>
              <span
                class="memori--avatar-toggle-text"
              >
                Nascondi
              </span>
            </button>
          </div>
          <div
            id="extension"
          />
        </div>
        <div
          class="memori-chat-layout--main "
        >
          <div
            class="memori-chat-layout--controls "
          >
            <div
              class="memori--start-panel"
            >
              <div
                class="memori--cover"
              >
                <div
                  class="memori--completions-enabled"
                >
                  <div
                    class="memori-tooltip memori-tooltip--align-left"
                  >
                    <div
                      class="memori-tooltip--content"
                    >
                      IA evoluta, può rispondere con risposte generate automaticamente che talvolta potrebbero contenere informazioni non corrette
                    </div>
                    <div
                      class="memori-tooltip--trigger"
                    >
                      <span
                        aria-label="IA evoluta, può rispondere con risposte generate automaticamente che talvolta potrebbero contenere informazioni non corrette"
                      >
                        <svg
                          aria-hidden="true"
                          fill="none"
                          focusable="false"
                          role="img"
                          viewBox="0 0 24 24"
                          xmlns="http://www.w3.org/2000/svg"
                        >
                          <g
                            clip-rule="evenodd"
                            fill="currentColor"
                            fill-rule="evenodd"
                          >
                            <path
                              clip-rule="evenodd"
                              d="M0 4a4 4 0 014-4h16a4 4 0 014 4v16a4 4 0 01-4 4H4a4 4 0 01-4-4zm4-2.4A2.4 2.4 0 001.6 4v16A2.4 2.4 0 004 22.4h16a2.4 2.4 0 002.4-2.4V4A2.4 2.4 0 0020 1.6z"
                              fill-rule="evenodd"
                            />
                            <path
                              clip-rule="evenodd"
                              d="M9.715 8.442a.798.798 0 00-1.43 0l-3.2 6.4a.799.799 0 101.431.716l.579-1.158h3.811l.578 1.158a.8.8 0 001.431-.716zm.391 4.358L9 10.589 7.894 12.8z"
                              fill-rule="evenodd"
                            />
                            <path
                              clip-rule="evenodd"
                              d="M17 8c.552 0 1 .358 1 .8v6.4c0 .442-.448.8-1 .8s-1-.358-1-.8V8.8c0-.442.448-.8 1-.8z"
                              fill-rule="evenodd"
                            />
                          </g>
                        </svg>
                      </span>
                    </div>
                  </div>
                </div>
              </div>
              <picture
                class="memori--avatar"
              >
                <source
                  src="https://aisuru.com/images/aisuru/square_logo.png"
                />
                <img
                  alt="Memori"
                  src="https://aisuru.com/images/aisuru/square_logo.png"
                />
              </picture>
              <h2
                class="memori--title"
              >
                Memori
              </h2>
              <div
                class="memori--description"
              >
                <p>
                  <div
                    class="memori-expandable memori--description-text"
                  >
                    <div
                      class="memori-expandable--inner"
                      style="max-height: 9999px;"
                    >
                      Lorem ipsum.
                    </div>
                  </div>
                </p>
                <div
                  class="memori--language-chooser"
                >
                  <label
                    for="user-lang-pref"
                    id="user-lang-pref-label"
                  >
                    Voglio parlare con Memori in
                  </label>
                  <select
                    aria-labelledby="user-lang-pref-label"
                    class="memori-select--button"
                    id="user-lang-pref"
                  >
                    <optgroup
                      label="Popolari"
                    >
                      <option
                        aria-label="Italiano"
                        value="IT"
                      >
                        Italiano
                      </option>
                      <option
                        aria-label="English"
                        value="EN"
                      >
                        English
                      </option>
                      <option
                        aria-label="Deutsch"
                        value="DE"
                      >
                        Deutsch
                      </option>
                      <option
                        aria-label="Español"
                        value="ES"
                      >
                        Español
                      </option>
                      <option
                        aria-label="Français"
                        value="FR"
                      >
                        Français
                      </option>
                      <option
                        aria-label="Português"
                        value="PT"
                      >
                        Português
                      </option>
                    </optgroup>
                    <optgroup
                      label="Tutte le lingue"
                    >
                      <option
                        aria-label="Italiano"
                        value="IT"
                      >
                        Italiano
                      </option>
                      <option
                        aria-label="English"
                        value="EN"
                      >
                        English
                      </option>
                      <option
                        aria-label="Deutsch"
                        value="DE"
                      >
                        Deutsch
                      </option>
                      <option
                        aria-label="Español"
                        value="ES"
                      >
                        Español
                      </option>
                      <option
                        aria-label="Français"
                        value="FR"
                      >
                        Français
                      </option>
                      <option
                        aria-label="Português"
                        value="PT"
                      >
                        Português
                      </option>
                      <option
                        aria-label="Nederlands"
                        value="NL"
                      >
                        Nederlands
                      </option>
                      <option
                        aria-label="Svenska"
                        value="SV"
                      >
                        Svenska
                      </option>
                      <option
                        aria-label="Dansk"
                        value="DA"
                      >
                        Dansk
                      </option>
                      <option
                        aria-label="Suomi"
                        value="FI"
                      >
                        Suomi
                      </option>
                      <option
                        aria-label="Eesti keel"
                        value="ET"
                      >
                        Eesti keel
                      </option>
                      <option
                        aria-label="Lietuvių kalba"
                        value="LT"
                      >
                        Lietuvių kalba
                      </option>
                      <option
                        aria-label="Magyar"
                        value="HU"
                      >
                        Magyar
                      </option>
                      <option
                        aria-label="Română"
                        value="RO"
                      >
                        Română
                      </option>
                      <option
                        aria-label="български"
                        value="BG"
                      >
                        български
                      </option>
                      <option
                        aria-label="Hrvatski"
                        value="HR"
                      >
                        Hrvatski
                      </option>
                      <option
                        aria-label="Čeština / český jazyk"
                        value="CS"
                      >
                        Čeština / český jazyk
                      </option>
                      <option
                        aria-label="Slovenčina"
                        value="SK"
                      >
                        Slovenčina
                      </option>
                      <option
                        aria-label="Slovenščina"
                        value="SL"
                      >
                        Slovenščina
                      </option>
                      <option
                        aria-label="Latvian"
                        value="LV"
                      >
                        Latvian
                      </option>
                      <option
                        aria-label="Українська"
                        value="UK"
                      >
                        Українська
                      </option>
                      <option
                        aria-label="Русский"
                        value="RU"
                      >
                        Русский
                      </option>
                      <option
                        aria-label="Polski"
                        value="PL"
                      >
                        Polski
                      </option>
                      <option
                        aria-label="Ελληνικά"
                        value="EL"
                      >
                        Ελληνικά
                      </option>
                      <option
                        aria-label="العربية"
                        value="AR"
                      >
                        العربية
                      </option>
                      <option
                        aria-label="中文"
                        value="ZH"
                      >
                        中文
                      </option>
                      <option
                        aria-label="日本語"
                        value="JA"
                      >
                        日本語
                      </option>
                    </optgroup>
                  </select>
                </div>
                <div
                  class="memori--start-privacy-explanation-container"
                >
                  <p
                    class="memori--start-privacy-explanation"
                  >
                    Le conversazioni sono visibili all'autore dell'agente
                  </p>
                  <div
                    class="memori-tooltip memori-tooltip--align-right"
                  >
                    <div
                      class="memori-tooltip--content"
                    >
                      <div
                        class="memori--privacy-tooltip-content"
                      >
                        <p>
                           
                          Tutte le conversazioni con questo agente sono visibili all'autore dell'agente
                        </p>
                        <ul
                          class="memori--privacy-tooltip-content-list"
                        >
                          <li>
                            L'autore può vedere il contenuto e il tuo indirizzo IP
                          </li>
                        </ul>
                        <p>
                          L'autore utilizza queste informazioni per migliorare le funzionalità dell'agente. Continuando, accetti queste condizioni.
                        </p>
                        <a
                          href="https://memori.ai/en/privacy-policy"
                          rel="noopener noreferrer"
                          target="_blank"
                        >
                          Informativa sulla privacy
                        </a>
                      </div>
                    </div>
                    <div
                      class="memori-tooltip--trigger"
                    >
                      <svg
                        aria-hidden="true"
                        class="memori--start-privacy-explanation-icon"
                        fill="none"
                        focusable="false"
                        role="img"
                        stroke="currentColor"
                        stroke-linecap="round"
                        stroke-linejoin="round"
                        stroke-width="1.5"
                        viewBox="0 0 24 24"
                        xmlns="http://www.w3.org/2000/svg"
                      >
                        <circle
                          cx="12"
                          cy="12"
                          r="10"
                        />
                        <path
                          d="M9.09 9a3 3 0 015.83 1c0 2-3 3-3 3"
                        />
                        <path
                          d="M12 17L12.01 17"
                        />
                      </svg>
                    </div>
                  </div>
                </div>
                <button
                  class="memori-button memori-button--primary memori-button--rounded memori-button--padded memori--start-button"
                >
                  INIZIAMO
                </button>
                <div
                  class="memori--completion-provider-status--loading"
                >
                  <div
                    class="memori-spin memori-spin--spinning"
                  >
                    <div
                      class="memori-spin--spinner"
                    >
                      <svg
                        aria-hidden="true"
                        class="memori-loading-icon"
                        focusable="false"
                        role="img"
                        viewBox="0 0 1024 1024"
                        xmlns="http://www.w3.org/2000/svg"
                      >
                        <path
                          d="M988 548c-19.9 0-36-16.1-36-36 0-59.4-11.6-117-34.6-171.3a440.45 440.45 0 00-94.3-139.9 437.71 437.71 0 00-139.9-94.3C629 83.6 571.4 72 512 72c-19.9 0-36-16.1-36-36s16.1-36 36-36c69.1 0 136.2 13.5 199.3 40.3C772.3 66 827 103 874 150c47 47 83.9 101.8 109.7 162.7 26.7 63.1 40.2 130.2 40.2 199.3.1 19.9-16 36-35.9 36z"
                        />
                      </svg>
                    </div>
                  </div>
                </div>
                <p
                  class="memori--start-description"
                >
                  Per parlare con me clicca sul pulsante INIZIAMO per cominciare
                </p>
              </div>
            </div>
          </div>
        </div>
        <div
          class="memori--powered-by"
        >
          <img
            alt=""
            src="https://aisuru.com/images/aisuru/logo.png"
          />
          <p>
            <span
              class="sr-only"
            >
              Powered by
            </span>
            <a
              href="https://memori.ai/it?integrationID=cb3c4776-7f0b-4f97-a773-c32a5d7a3bf1&memori=aisuru.com-username-Memori"
              rel="noopener noreferrer"
              target="_blank"
            >
              Memori.AI
            </a>
          </p>
        </div>
      </div>
      <div
        class="memori-spin--spinner"
      >
        <svg
          aria-hidden="true"
          class="memori-loading-icon"
          focusable="false"
          role="img"
          viewBox="0 0 1024 1024"
          xmlns="http://www.w3.org/2000/svg"
        >
          <path
            d="M988 548c-19.9 0-36-16.1-36-36 0-59.4-11.6-117-34.6-171.3a440.45 440.45 0 00-94.3-139.9 437.71 437.71 0 00-139.9-94.3C629 83.6 571.4 72 512 72c-19.9 0-36-16.1-36-36s16.1-36 36-36c69.1 0 136.2 13.5 199.3 40.3C772.3 66 827 103 874 150c47 47 83.9 101.8 109.7 162.7 26.7 63.1 40.2 130.2 40.2 199.3.1 19.9-16 36-35.9 36z"
          />
        </svg>
      </div>
    </div>
    <audio
      id="memori-audio"
      src="https://aisuru.com/intro.mp3"
      style="display: none;"
    />
  </div>
</div>
`;
