// Jest Snapshot v1, https://goo.gl/fbAQLP

exports[`renders MediaItemWidget unchanged with css snippet to exec 1`] = `
<div>
  <div
    class="memori-media-items"
  >
    <style>
      body{
  background-color: #f00;
}
    </style>
  </div>
</div>
`;

exports[`renders MediaItemWidget unchanged with css snippet to show 1`] = `
<div>
  <div
    class="memori-media-items"
  >
    <div
      class="memori-media-item--snippet ease-out duration-500 opacity-0 translate-y-1"
    >
      <div
        class="memori-snippet"
      >
        <div
          class="memori-snippet--content"
        >
          <pre
            aria-labelledby="#snippet-65ca4a6d-f20b-402e-9d79-5e470f247927"
            class="line-numbers"
          >
            <code
              class="language-scss"
            >
              body{
  background-color: #f00;
}
            </code>
          </pre>
          <button
            class="memori-button memori-button--ghost memori-button--rounded memori-button--icon-only memori-snippet--copy-button"
            title="copy"
          >
            <span
              class="memori-button--icon"
            >
              <svg
                aria-hidden="true"
                fill="none"
                focusable="false"
                role="img"
                stroke="currentColor"
                stroke-linecap="round"
                stroke-linejoin="round"
                stroke-width="1.5"
                viewBox="0 0 24 24"
                xmlns="http://www.w3.org/2000/svg"
              >
                <rect
                  height="14"
                  rx="2"
                  ry="2"
                  width="14"
                  x="8"
                  y="8"
                />
                <path
                  d="M4 16c-1.1 0-2-.9-2-2V4c0-1.1.9-2 2-2h10c1.1 0 2 .9 2 2"
                />
              </svg>
            </span>
          </button>
        </div>
        <p
          class="memori-snippet--caption"
          id="snippet-65ca4a6d-f20b-402e-9d79-5e470f247927"
        >
          Snippet
        </p>
      </div>
    </div>
  </div>
</div>
`;

exports[`renders MediaItemWidget unchanged with custom media renderer 1`] = `
<div>
  <div
    class="memori-media-items"
  />
</div>
`;

exports[`renders MediaItemWidget unchanged with img 1`] = `
<div>
  <div
    class="memori-media-items"
  >
    <div
      class="memori-media-items--grid"
    >
      <div
        class="memori-media-item ease-out duration-500 delay-0 opacity-0 scale-95"
      >
        <a
          class="memori-media-item--link"
          href="https://api.lorem.space/image/game?w=150&h=220&hash=8B7BCDC2"
          rel="noopener noreferrer"
          target="_blank"
          title="Game Cover"
        >
          <div
            class="memori-card memori-media-item--card memori-media-item--image memori-card--with-cover memori-card--hoverable"
          >
            <div
              class="memori-spin"
            >
              <div
                class="memori-card--cover"
              >
                <picture
                  class="memori-media-item--figure"
                >
                  <source
                    srcset="https://api.lorem.space/image/game?w=150&h=220&hash=8B7BCDC2, https://api.lorem.space/image/game?w=150&h=220&hash=8B7BCDC2, "
                    type="image/jpeg"
                  />
                  <img
                    alt="Game Cover"
                    src="data:image/png;base64,iVBORw0KGgoAAAANSUhEUgAAAMIAAADDCAYAAADQvc6UAAABRWlDQ1BJQ0MgUHJvZmlsZQAAKJFjYGASSSwoyGFhYGDIzSspCnJ3UoiIjFJgf8LAwSDCIMogwMCcmFxc4BgQ4ANUwgCjUcG3awyMIPqyLsis7PPOq3QdDFcvjV3jOD1boQVTPQrgSkktTgbSf4A4LbmgqISBgTEFyFYuLykAsTuAbJEioKOA7DkgdjqEvQHEToKwj4DVhAQ5A9k3gGyB5IxEoBmML4BsnSQk8XQkNtReEOBxcfXxUQg1Mjc0dyHgXNJBSWpFCYh2zi+oLMpMzyhRcASGUqqCZ16yno6CkYGRAQMDKMwhqj/fAIcloxgHQqxAjIHBEugw5sUIsSQpBobtQPdLciLEVJYzMPBHMDBsayhILEqEO4DxG0txmrERhM29nYGBddr//5/DGRjYNRkY/l7////39v///y4Dmn+LgeHANwDrkl1AuO+pmgAAADhlWElmTU0AKgAAAAgAAYdpAAQAAAABAAAAGgAAAAAAAqACAAQAAAABAAAAwqADAAQAAAABAAAAwwAAAAD9b/HnAAAHlklEQVR4Ae3dP3PTWBSGcbGzM6GCKqlIBRV0dHRJFarQ0eUT8LH4BnRU0NHR0UEFVdIlFRV7TzRksomPY8uykTk/zewQfKw/9znv4yvJynLv4uLiV2dBoDiBf4qP3/ARuCRABEFAoBEgghggQAQZQKAnYEaQBAQaASKIAQJEkAEEegJmBElAoBEgghggQAQZQKAnYEaQBAQaASKIAQJEkAEEegJmBElAoBEgghggQAQZQKAnYEaQBAQaASKIAQJEkAEEegJmBElAoBEgghggQAQZQKAnYEaQBAQaASKIAQJEkAEEegJmBElAoBEgghggQAQZQKAnYEaQBAQaASKIAQJEkAEEegJmBElAoBEgghggQAQZQKAnYEaQBAQaASKIAQJEkAEEegJmBElAoBEgghggQAQZQKAnYEaQBAQaASKIAQJEkAEEegJmBElAoBEgghggQAQZQKAnYEaQBAQaASKIAQJEkAEEegJmBElAoBEgghggQAQZQKAnYEaQBAQaASKIAQJEkAEEegJmBElAoBEgghggQAQZQKAnYEaQBAQaASKIAQJEkAEEegJmBElAoBEgghggQAQZQKAnYEaQBAQaASKIAQJEkAEEegJmBElAoBEgghggQAQZQKAnYEaQBAQaASKIAQJEkAEEegJmBElAoBEgghgg0Aj8i0JO4OzsrPv69Wv+hi2qPHr0qNvf39+iI97soRIh4f3z58/u7du3SXX7Xt7Z2enevHmzfQe+oSN2apSAPj09TSrb+XKI/f379+08+A0cNRE2ANkupk+ACNPvkSPcAAEibACyXUyfABGm3yNHuAECRNgAZLuYPgEirKlHu7u7XdyytGwHAd8jjNyng4OD7vnz51dbPT8/7z58+NB9+/bt6jU/TI+AGWHEnrx48eJ/EsSmHzx40L18+fLyzxF3ZVMjEyDCiEDjMYZZS5wiPXnyZFbJaxMhQIQRGzHvWR7XCyOCXsOmiDAi1HmPMMQjDpbpEiDCiL358eNHurW/5SnWdIBbXiDCiA38/Pnzrce2YyZ4//59F3ePLNMl4PbpiL2J0L979+7yDtHDhw8vtzzvdGnEXdvUigSIsCLAWavHp/+qM0BcXMd/q25n1vF57TYBp0a3mUzilePj4+7k5KSLb6gt6ydAhPUzXnoPR0dHl79WGTNCfBnn1uvSCJdegQhLI1vvCk+fPu2ePXt2tZOYEV6/fn31dz+shwAR1sP1cqvLntbEN9MxA9xcYjsxS1jWR4AIa2Ibzx0tc44fYX/16lV6NDFLXH+YL32jwiACRBiEbf5KcXoTIsQSpzXx4N28Ja4BQoK7rgXiydbHjx/P25TaQAJEGAguWy0+2Q8PD6/Ki4R8EVl+bzBOnZY95fq9rj9zAkTI2SxdidBHqG9+skdw43borCXO/ZcJdraPWdv22uIEiLA4q7nvvCug8WTqzQveOH26fodo7g6uFe/a17W3+nFBAkRYENRdb1vkkz1CH9cPsVy/jrhr27PqMYvENYNlHAIesRiBYwRy0V+8iXP8+/fvX11Mr7L7ECueb/r48eMqm7FuI2BGWDEG8cm+7G3NEOfmdcTQw4h9/55lhm7DekRYKQPZF2ArbXTAyu4kDYB2YxUzwg0gi/41ztHnfQG26HbGel/crVrm7tNY+/1btkOEAZ2M05r4FB7r9GbAIdxaZYrHdOsgJ/wCEQY0J74TmOKnbxxT9n3FgGGWWsVdowHtjt9Nnvf7yQM2aZU/TIAIAxrw6dOnAWtZZcoEnBpNuTuObWMEiLAx1HY0ZQJEmHJ3HNvGCBBhY6jtaMoEiJB0Z29vL6ls58vxPcO8/zfrdo5qvKO+d3Fx8Wu8zf1dW4p/cPzLly/dtv9Ts/EbcvGAHhHyfBIhZ6NSiIBTo0LNNtScABFyNiqFCBChULMNNSdAhJyNSiECRCjUbEPNCRAhZ6NSiAARCjXbUHMCRMjZqBQiQIRCzTbUnAARcjYqhQgQoVCzDTUnQIScjUohAkQo1GxDzQkQIWejUogAEQo121BzAkTI2agUIkCEQs021JwAEXI2KoUIEKFQsw01J0CEnI1KIQJEKNRsQ80JECFno1KIABEKNdtQcwJEyNmoFCJAhELNNtScABFyNiqFCBChULMNNSdAhJyNSiECRCjUbEPNCRAhZ6NSiAARCjXbUHMCRMjZqBQiQIRCzTbUnAARcjYqhQgQoVCzDTUnQIScjUohAkQo1GxDzQkQIWejUogAEQo121BzAkTI2agUIkCEQs021JwAEXI2KoUIEKFQsw01J0CEnI1KIQJEKNRsQ80JECFno1KIABEKNdtQcwJEyNmoFCJAhELNNtScABFyNiqFCBChULMNNSdAhJyNSiECRCjUbEPNCRAhZ6NSiAARCjXbUHMCRMjZqBQiQIRCzTbUnAARcjYqhQgQoVCzDTUnQIScjUohAkQo1GxDzQkQIWejUogAEQo121BzAkTI2agUIkCEQs021JwAEXI2KoUIEKFQsw01J0CEnI1KIQJEKNRsQ80JECFno1KIABEKNdtQcwJEyNmoFCJAhELNNtScABFyNiqFCBChULMNNSdAhJyNSiEC/wGgKKC4YMA4TAAAAABJRU5ErkJggg=="
                  />
                  <figcaption
                    class="memori-media-item--figure-caption"
                  >
                    Game Cover
                  </figcaption>
                </picture>
              </div>
              <div
                class="memori-card--content"
              >
                <div
                  class="memori-card--children"
                />
              </div>
              <div
                class="memori-spin--spinner"
              >
                <svg
                  aria-hidden="true"
                  class="memori-loading-icon"
                  focusable="false"
                  role="img"
                  viewBox="0 0 1024 1024"
                  xmlns="http://www.w3.org/2000/svg"
                >
                  <path
                    d="M988 548c-19.9 0-36-16.1-36-36 0-59.4-11.6-117-34.6-171.3a440.45 440.45 0 00-94.3-139.9 437.71 437.71 0 00-139.9-94.3C629 83.6 571.4 72 512 72c-19.9 0-36-16.1-36-36s16.1-36 36-36c69.1 0 136.2 13.5 199.3 40.3C772.3 66 827 103 874 150c47 47 83.9 101.8 109.7 162.7 26.7 63.1 40.2 130.2 40.2 199.3.1 19.9-16 36-35.9 36z"
                  />
                </svg>
              </div>
            </div>
          </div>
        </a>
      </div>
    </div>
  </div>
</div>
`;

exports[`renders MediaItemWidget unchanged with img and sessionID 1`] = `
<div>
  <div
    class="memori-media-items"
  >
    <div
      class="memori-media-items--grid"
    >
      <div
        class="memori-media-item ease-out duration-500 delay-0 opacity-0 scale-95"
      >
        <a
          class="memori-media-item--link"
          href="https://api.lorem.space/image/game?w=150&h=220&hash=8B7BCDC2"
          rel="noopener noreferrer"
          target="_blank"
          title="Game Cover"
        >
          <div
            class="memori-card memori-media-item--card memori-media-item--image memori-card--with-cover memori-card--hoverable"
          >
            <div
              class="memori-spin"
            >
              <div
                class="memori-card--cover"
              >
                <picture
                  class="memori-media-item--figure"
                >
                  <source
                    srcset="https://api.lorem.space/image/game?w=150&h=220&hash=8B7BCDC2, https://api.lorem.space/image/game?w=150&h=220&hash=8B7BCDC2, "
                    type="image/jpeg"
                  />
                  <img
                    alt="Game Cover"
                    src="data:image/png;base64,iVBORw0KGgoAAAANSUhEUgAAAMIAAADDCAYAAADQvc6UAAABRWlDQ1BJQ0MgUHJvZmlsZQAAKJFjYGASSSwoyGFhYGDIzSspCnJ3UoiIjFJgf8LAwSDCIMogwMCcmFxc4BgQ4ANUwgCjUcG3awyMIPqyLsis7PPOq3QdDFcvjV3jOD1boQVTPQrgSkktTgbSf4A4LbmgqISBgTEFyFYuLykAsTuAbJEioKOA7DkgdjqEvQHEToKwj4DVhAQ5A9k3gGyB5IxEoBmML4BsnSQk8XQkNtReEOBxcfXxUQg1Mjc0dyHgXNJBSWpFCYh2zi+oLMpMzyhRcASGUqqCZ16yno6CkYGRAQMDKMwhqj/fAIcloxgHQqxAjIHBEugw5sUIsSQpBobtQPdLciLEVJYzMPBHMDBsayhILEqEO4DxG0txmrERhM29nYGBddr//5/DGRjYNRkY/l7////39v///y4Dmn+LgeHANwDrkl1AuO+pmgAAADhlWElmTU0AKgAAAAgAAYdpAAQAAAABAAAAGgAAAAAAAqACAAQAAAABAAAAwqADAAQAAAABAAAAwwAAAAD9b/HnAAAHlklEQVR4Ae3dP3PTWBSGcbGzM6GCKqlIBRV0dHRJFarQ0eUT8LH4BnRU0NHR0UEFVdIlFRV7TzRksomPY8uykTk/zewQfKw/9znv4yvJynLv4uLiV2dBoDiBf4qP3/ARuCRABEFAoBEgghggQAQZQKAnYEaQBAQaASKIAQJEkAEEegJmBElAoBEgghggQAQZQKAnYEaQBAQaASKIAQJEkAEEegJmBElAoBEgghggQAQZQKAnYEaQBAQaASKIAQJEkAEEegJmBElAoBEgghggQAQZQKAnYEaQBAQaASKIAQJEkAEEegJmBElAoBEgghggQAQZQKAnYEaQBAQaASKIAQJEkAEEegJmBElAoBEgghggQAQZQKAnYEaQBAQaASKIAQJEkAEEegJmBElAoBEgghggQAQZQKAnYEaQBAQaASKIAQJEkAEEegJmBElAoBEgghggQAQZQKAnYEaQBAQaASKIAQJEkAEEegJmBElAoBEgghggQAQZQKAnYEaQBAQaASKIAQJEkAEEegJmBElAoBEgghggQAQZQKAnYEaQBAQaASKIAQJEkAEEegJmBElAoBEgghggQAQZQKAnYEaQBAQaASKIAQJEkAEEegJmBElAoBEgghggQAQZQKAnYEaQBAQaASKIAQJEkAEEegJmBElAoBEgghgg0Aj8i0JO4OzsrPv69Wv+hi2qPHr0qNvf39+iI97soRIh4f3z58/u7du3SXX7Xt7Z2enevHmzfQe+oSN2apSAPj09TSrb+XKI/f379+08+A0cNRE2ANkupk+ACNPvkSPcAAEibACyXUyfABGm3yNHuAECRNgAZLuYPgEirKlHu7u7XdyytGwHAd8jjNyng4OD7vnz51dbPT8/7z58+NB9+/bt6jU/TI+AGWHEnrx48eJ/EsSmHzx40L18+fLyzxF3ZVMjEyDCiEDjMYZZS5wiPXnyZFbJaxMhQIQRGzHvWR7XCyOCXsOmiDAi1HmPMMQjDpbpEiDCiL358eNHurW/5SnWdIBbXiDCiA38/Pnzrce2YyZ4//59F3ePLNMl4PbpiL2J0L979+7yDtHDhw8vtzzvdGnEXdvUigSIsCLAWavHp/+qM0BcXMd/q25n1vF57TYBp0a3mUzilePj4+7k5KSLb6gt6ydAhPUzXnoPR0dHl79WGTNCfBnn1uvSCJdegQhLI1vvCk+fPu2ePXt2tZOYEV6/fn31dz+shwAR1sP1cqvLntbEN9MxA9xcYjsxS1jWR4AIa2Ibzx0tc44fYX/16lV6NDFLXH+YL32jwiACRBiEbf5KcXoTIsQSpzXx4N28Ja4BQoK7rgXiydbHjx/P25TaQAJEGAguWy0+2Q8PD6/Ki4R8EVl+bzBOnZY95fq9rj9zAkTI2SxdidBHqG9+skdw43borCXO/ZcJdraPWdv22uIEiLA4q7nvvCug8WTqzQveOH26fodo7g6uFe/a17W3+nFBAkRYENRdb1vkkz1CH9cPsVy/jrhr27PqMYvENYNlHAIesRiBYwRy0V+8iXP8+/fvX11Mr7L7ECueb/r48eMqm7FuI2BGWDEG8cm+7G3NEOfmdcTQw4h9/55lhm7DekRYKQPZF2ArbXTAyu4kDYB2YxUzwg0gi/41ztHnfQG26HbGel/crVrm7tNY+/1btkOEAZ2M05r4FB7r9GbAIdxaZYrHdOsgJ/wCEQY0J74TmOKnbxxT9n3FgGGWWsVdowHtjt9Nnvf7yQM2aZU/TIAIAxrw6dOnAWtZZcoEnBpNuTuObWMEiLAx1HY0ZQJEmHJ3HNvGCBBhY6jtaMoEiJB0Z29vL6ls58vxPcO8/zfrdo5qvKO+d3Fx8Wu8zf1dW4p/cPzLly/dtv9Ts/EbcvGAHhHyfBIhZ6NSiIBTo0LNNtScABFyNiqFCBChULMNNSdAhJyNSiECRCjUbEPNCRAhZ6NSiAARCjXbUHMCRMjZqBQiQIRCzTbUnAARcjYqhQgQoVCzDTUnQIScjUohAkQo1GxDzQkQIWejUogAEQo121BzAkTI2agUIkCEQs021JwAEXI2KoUIEKFQsw01J0CEnI1KIQJEKNRsQ80JECFno1KIABEKNdtQcwJEyNmoFCJAhELNNtScABFyNiqFCBChULMNNSdAhJyNSiECRCjUbEPNCRAhZ6NSiAARCjXbUHMCRMjZqBQiQIRCzTbUnAARcjYqhQgQoVCzDTUnQIScjUohAkQo1GxDzQkQIWejUogAEQo121BzAkTI2agUIkCEQs021JwAEXI2KoUIEKFQsw01J0CEnI1KIQJEKNRsQ80JECFno1KIABEKNdtQcwJEyNmoFCJAhELNNtScABFyNiqFCBChULMNNSdAhJyNSiECRCjUbEPNCRAhZ6NSiAARCjXbUHMCRMjZqBQiQIRCzTbUnAARcjYqhQgQoVCzDTUnQIScjUohAkQo1GxDzQkQIWejUogAEQo121BzAkTI2agUIkCEQs021JwAEXI2KoUIEKFQsw01J0CEnI1KIQJEKNRsQ80JECFno1KIABEKNdtQcwJEyNmoFCJAhELNNtScABFyNiqFCBChULMNNSdAhJyNSiEC/wGgKKC4YMA4TAAAAABJRU5ErkJggg=="
                  />
                  <figcaption
                    class="memori-media-item--figure-caption"
                  >
                    Game Cover
                  </figcaption>
                </picture>
              </div>
              <div
                class="memori-card--content"
              >
                <div
                  class="memori-card--children"
                />
              </div>
              <div
                class="memori-spin--spinner"
              >
                <svg
                  aria-hidden="true"
                  class="memori-loading-icon"
                  focusable="false"
                  role="img"
                  viewBox="0 0 1024 1024"
                  xmlns="http://www.w3.org/2000/svg"
                >
                  <path
                    d="M988 548c-19.9 0-36-16.1-36-36 0-59.4-11.6-117-34.6-171.3a440.45 440.45 0 00-94.3-139.9 437.71 437.71 0 00-139.9-94.3C629 83.6 571.4 72 512 72c-19.9 0-36-16.1-36-36s16.1-36 36-36c69.1 0 136.2 13.5 199.3 40.3C772.3 66 827 103 874 150c47 47 83.9 101.8 109.7 162.7 26.7 63.1 40.2 130.2 40.2 199.3.1 19.9-16 36-35.9 36z"
                  />
                </svg>
              </div>
            </div>
          </div>
        </a>
      </div>
    </div>
  </div>
</div>
`;

exports[`renders MediaItemWidget unchanged with js snippet to exec 1`] = `
<div>
  <div
    class="memori-media-items"
  />
</div>
`;

exports[`renders MediaItemWidget unchanged with js snippet to show 1`] = `
<div>
  <div
    class="memori-media-items"
  >
    <div
      class="memori-media-item--snippet ease-out duration-500 opacity-0 translate-y-1"
    >
      <div
        class="memori-snippet"
      >
        <div
          class="memori-snippet--content"
        >
          <pre
            aria-labelledby="#snippet-a669fadb-12c0-469b-9b6c-34db22d371ca"
            class="line-numbers"
          >
            <code
              class="language-jsx"
            >
              console.log("Hello World!");
            </code>
          </pre>
          <button
            class="memori-button memori-button--ghost memori-button--rounded memori-button--icon-only memori-snippet--copy-button"
            title="copy"
          >
            <span
              class="memori-button--icon"
            >
              <svg
                aria-hidden="true"
                fill="none"
                focusable="false"
                role="img"
                stroke="currentColor"
                stroke-linecap="round"
                stroke-linejoin="round"
                stroke-width="1.5"
                viewBox="0 0 24 24"
                xmlns="http://www.w3.org/2000/svg"
              >
                <rect
                  height="14"
                  rx="2"
                  ry="2"
                  width="14"
                  x="8"
                  y="8"
                />
                <path
                  d="M4 16c-1.1 0-2-.9-2-2V4c0-1.1.9-2 2-2h10c1.1 0 2 .9 2 2"
                />
              </svg>
            </span>
          </button>
        </div>
        <p
          class="memori-snippet--caption"
          id="snippet-a669fadb-12c0-469b-9b6c-34db22d371ca"
        >
          Snippet
        </p>
      </div>
    </div>
  </div>
</div>
`;

exports[`renders MediaItemWidget unchanged with no media 1`] = `
<div>
  <div
    class="memori-media-items"
  />
</div>
`;

exports[`renders MediaItemWidget unchanged with rgb color 1`] = `
<div>
  <div
    class="memori-media-items"
  >
    <div
      class="memori-media-items--grid"
    >
      <div
        class="memori-media-item ease-out duration-500 delay-0 opacity-0 scale-95"
      >
        <div
          class="memori-card memori-media-item--card memori-media-item--image memori-card--with-cover memori-card--hoverable"
        >
          <div
            class="memori-spin"
          >
            <div
              class="memori-card--cover"
            >
              <picture
                class="memori-media-item--figure"
              >
                <div
                  class="memori-media-item--rgb-item"
                  style="background-color: rgb(255, 0, 0);"
                />
                <figcaption
                  class="memori-media-item--figure-caption"
                >
                  Rosso
                </figcaption>
              </picture>
            </div>
            <div
              class="memori-card--content"
            >
              <div
                class="memori-card--children"
              />
            </div>
            <div
              class="memori-spin--spinner"
            >
              <svg
                aria-hidden="true"
                class="memori-loading-icon"
                focusable="false"
                role="img"
                viewBox="0 0 1024 1024"
                xmlns="http://www.w3.org/2000/svg"
              >
                <path
                  d="M988 548c-19.9 0-36-16.1-36-36 0-59.4-11.6-117-34.6-171.3a440.45 440.45 0 00-94.3-139.9 437.71 437.71 0 00-139.9-94.3C629 83.6 571.4 72 512 72c-19.9 0-36-16.1-36-36s16.1-36 36-36c69.1 0 136.2 13.5 199.3 40.3C772.3 66 827 103 874 150c47 47 83.9 101.8 109.7 162.7 26.7 63.1 40.2 130.2 40.2 199.3.1 19.9-16 36-35.9 36z"
                />
              </svg>
            </div>
          </div>
        </div>
      </div>
      <div
        class="memori-media-item ease-out duration-500 delay-100 opacity-0 scale-95"
      >
        <div
          class="memori-card memori-media-item--card memori-media-item--image memori-card--with-cover memori-card--hoverable"
        >
          <div
            class="memori-spin"
          >
            <div
              class="memori-card--cover"
            >
              <picture
                class="memori-media-item--figure"
              >
                <div
                  class="memori-media-item--rgb-item"
                  style="background-color: rgb(0, 255, 0);"
                />
                <figcaption
                  class="memori-media-item--figure-caption"
                >
                  Verde
                </figcaption>
              </picture>
            </div>
            <div
              class="memori-card--content"
            >
              <div
                class="memori-card--children"
              />
            </div>
            <div
              class="memori-spin--spinner"
            >
              <svg
                aria-hidden="true"
                class="memori-loading-icon"
                focusable="false"
                role="img"
                viewBox="0 0 1024 1024"
                xmlns="http://www.w3.org/2000/svg"
              >
                <path
                  d="M988 548c-19.9 0-36-16.1-36-36 0-59.4-11.6-117-34.6-171.3a440.45 440.45 0 00-94.3-139.9 437.71 437.71 0 00-139.9-94.3C629 83.6 571.4 72 512 72c-19.9 0-36-16.1-36-36s16.1-36 36-36c69.1 0 136.2 13.5 199.3 40.3C772.3 66 827 103 874 150c47 47 83.9 101.8 109.7 162.7 26.7 63.1 40.2 130.2 40.2 199.3.1 19.9-16 36-35.9 36z"
                />
              </svg>
            </div>
          </div>
        </div>
      </div>
      <div
        class="memori-media-item ease-out duration-500 delay-200 opacity-0 scale-95"
      >
        <div
          class="memori-card memori-media-item--card memori-media-item--image memori-card--with-cover memori-card--hoverable"
        >
          <div
            class="memori-spin"
          >
            <div
              class="memori-card--cover"
            >
              <picture
                class="memori-media-item--figure"
              >
                <div
                  class="memori-media-item--rgb-item"
                  style="background-color: rgb(0, 0, 255);"
                />
                <figcaption
                  class="memori-media-item--figure-caption"
                >
                  Blu
                </figcaption>
              </picture>
            </div>
            <div
              class="memori-card--content"
            >
              <div
                class="memori-card--children"
              />
            </div>
            <div
              class="memori-spin--spinner"
            >
              <svg
                aria-hidden="true"
                class="memori-loading-icon"
                focusable="false"
                role="img"
                viewBox="0 0 1024 1024"
                xmlns="http://www.w3.org/2000/svg"
              >
                <path
                  d="M988 548c-19.9 0-36-16.1-36-36 0-59.4-11.6-117-34.6-171.3a440.45 440.45 0 00-94.3-139.9 437.71 437.71 0 00-139.9-94.3C629 83.6 571.4 72 512 72c-19.9 0-36-16.1-36-36s16.1-36 36-36c69.1 0 136.2 13.5 199.3 40.3C772.3 66 827 103 874 150c47 47 83.9 101.8 109.7 162.7 26.7 63.1 40.2 130.2 40.2 199.3.1 19.9-16 36-35.9 36z"
                />
              </svg>
            </div>
          </div>
        </div>
      </div>
    </div>
  </div>
</div>
`;

exports[`renders MediaItemWidget with imgs in correct order (creation date) 1`] = `
<div>
  <div
    class="memori-media-items"
  >
    <div
      class="memori-media-items--grid"
    >
      <div
        class="memori-media-item ease-out duration-500 delay-0 opacity-0 scale-95"
      >
        <a
          class="memori-media-item--link"
          href="https://memori.ai/past"
          rel="noopener noreferrer"
          target="_blank"
          title="Game Cover"
        >
          <div
            class="memori-card memori-media-item--card memori-media-item--image memori-card--with-cover memori-card--hoverable"
          >
            <div
              class="memori-spin"
            >
              <div
                class="memori-card--cover"
              >
                <picture
                  class="memori-media-item--figure"
                >
                  <source
                    srcset="https://memori.ai/past, https://memori.ai/past, "
                    type="image/jpeg"
                  />
                  <img
                    alt="Game Cover"
                    src="data:image/png;base64,iVBORw0KGgoAAAANSUhEUgAAAMIAAADDCAYAAADQvc6UAAABRWlDQ1BJQ0MgUHJvZmlsZQAAKJFjYGASSSwoyGFhYGDIzSspCnJ3UoiIjFJgf8LAwSDCIMogwMCcmFxc4BgQ4ANUwgCjUcG3awyMIPqyLsis7PPOq3QdDFcvjV3jOD1boQVTPQrgSkktTgbSf4A4LbmgqISBgTEFyFYuLykAsTuAbJEioKOA7DkgdjqEvQHEToKwj4DVhAQ5A9k3gGyB5IxEoBmML4BsnSQk8XQkNtReEOBxcfXxUQg1Mjc0dyHgXNJBSWpFCYh2zi+oLMpMzyhRcASGUqqCZ16yno6CkYGRAQMDKMwhqj/fAIcloxgHQqxAjIHBEugw5sUIsSQpBobtQPdLciLEVJYzMPBHMDBsayhILEqEO4DxG0txmrERhM29nYGBddr//5/DGRjYNRkY/l7////39v///y4Dmn+LgeHANwDrkl1AuO+pmgAAADhlWElmTU0AKgAAAAgAAYdpAAQAAAABAAAAGgAAAAAAAqACAAQAAAABAAAAwqADAAQAAAABAAAAwwAAAAD9b/HnAAAHlklEQVR4Ae3dP3PTWBSGcbGzM6GCKqlIBRV0dHRJFarQ0eUT8LH4BnRU0NHR0UEFVdIlFRV7TzRksomPY8uykTk/zewQfKw/9znv4yvJynLv4uLiV2dBoDiBf4qP3/ARuCRABEFAoBEgghggQAQZQKAnYEaQBAQaASKIAQJEkAEEegJmBElAoBEgghggQAQZQKAnYEaQBAQaASKIAQJEkAEEegJmBElAoBEgghggQAQZQKAnYEaQBAQaASKIAQJEkAEEegJmBElAoBEgghggQAQZQKAnYEaQBAQaASKIAQJEkAEEegJmBElAoBEgghggQAQZQKAnYEaQBAQaASKIAQJEkAEEegJmBElAoBEgghggQAQZQKAnYEaQBAQaASKIAQJEkAEEegJmBElAoBEgghggQAQZQKAnYEaQBAQaASKIAQJEkAEEegJmBElAoBEgghggQAQZQKAnYEaQBAQaASKIAQJEkAEEegJmBElAoBEgghggQAQZQKAnYEaQBAQaASKIAQJEkAEEegJmBElAoBEgghggQAQZQKAnYEaQBAQaASKIAQJEkAEEegJmBElAoBEgghggQAQZQKAnYEaQBAQaASKIAQJEkAEEegJmBElAoBEgghggQAQZQKAnYEaQBAQaASKIAQJEkAEEegJmBElAoBEgghgg0Aj8i0JO4OzsrPv69Wv+hi2qPHr0qNvf39+iI97soRIh4f3z58/u7du3SXX7Xt7Z2enevHmzfQe+oSN2apSAPj09TSrb+XKI/f379+08+A0cNRE2ANkupk+ACNPvkSPcAAEibACyXUyfABGm3yNHuAECRNgAZLuYPgEirKlHu7u7XdyytGwHAd8jjNyng4OD7vnz51dbPT8/7z58+NB9+/bt6jU/TI+AGWHEnrx48eJ/EsSmHzx40L18+fLyzxF3ZVMjEyDCiEDjMYZZS5wiPXnyZFbJaxMhQIQRGzHvWR7XCyOCXsOmiDAi1HmPMMQjDpbpEiDCiL358eNHurW/5SnWdIBbXiDCiA38/Pnzrce2YyZ4//59F3ePLNMl4PbpiL2J0L979+7yDtHDhw8vtzzvdGnEXdvUigSIsCLAWavHp/+qM0BcXMd/q25n1vF57TYBp0a3mUzilePj4+7k5KSLb6gt6ydAhPUzXnoPR0dHl79WGTNCfBnn1uvSCJdegQhLI1vvCk+fPu2ePXt2tZOYEV6/fn31dz+shwAR1sP1cqvLntbEN9MxA9xcYjsxS1jWR4AIa2Ibzx0tc44fYX/16lV6NDFLXH+YL32jwiACRBiEbf5KcXoTIsQSpzXx4N28Ja4BQoK7rgXiydbHjx/P25TaQAJEGAguWy0+2Q8PD6/Ki4R8EVl+bzBOnZY95fq9rj9zAkTI2SxdidBHqG9+skdw43borCXO/ZcJdraPWdv22uIEiLA4q7nvvCug8WTqzQveOH26fodo7g6uFe/a17W3+nFBAkRYENRdb1vkkz1CH9cPsVy/jrhr27PqMYvENYNlHAIesRiBYwRy0V+8iXP8+/fvX11Mr7L7ECueb/r48eMqm7FuI2BGWDEG8cm+7G3NEOfmdcTQw4h9/55lhm7DekRYKQPZF2ArbXTAyu4kDYB2YxUzwg0gi/41ztHnfQG26HbGel/crVrm7tNY+/1btkOEAZ2M05r4FB7r9GbAIdxaZYrHdOsgJ/wCEQY0J74TmOKnbxxT9n3FgGGWWsVdowHtjt9Nnvf7yQM2aZU/TIAIAxrw6dOnAWtZZcoEnBpNuTuObWMEiLAx1HY0ZQJEmHJ3HNvGCBBhY6jtaMoEiJB0Z29vL6ls58vxPcO8/zfrdo5qvKO+d3Fx8Wu8zf1dW4p/cPzLly/dtv9Ts/EbcvGAHhHyfBIhZ6NSiIBTo0LNNtScABFyNiqFCBChULMNNSdAhJyNSiECRCjUbEPNCRAhZ6NSiAARCjXbUHMCRMjZqBQiQIRCzTbUnAARcjYqhQgQoVCzDTUnQIScjUohAkQo1GxDzQkQIWejUogAEQo121BzAkTI2agUIkCEQs021JwAEXI2KoUIEKFQsw01J0CEnI1KIQJEKNRsQ80JECFno1KIABEKNdtQcwJEyNmoFCJAhELNNtScABFyNiqFCBChULMNNSdAhJyNSiECRCjUbEPNCRAhZ6NSiAARCjXbUHMCRMjZqBQiQIRCzTbUnAARcjYqhQgQoVCzDTUnQIScjUohAkQo1GxDzQkQIWejUogAEQo121BzAkTI2agUIkCEQs021JwAEXI2KoUIEKFQsw01J0CEnI1KIQJEKNRsQ80JECFno1KIABEKNdtQcwJEyNmoFCJAhELNNtScABFyNiqFCBChULMNNSdAhJyNSiECRCjUbEPNCRAhZ6NSiAARCjXbUHMCRMjZqBQiQIRCzTbUnAARcjYqhQgQoVCzDTUnQIScjUohAkQo1GxDzQkQIWejUogAEQo121BzAkTI2agUIkCEQs021JwAEXI2KoUIEKFQsw01J0CEnI1KIQJEKNRsQ80JECFno1KIABEKNdtQcwJEyNmoFCJAhELNNtScABFyNiqFCBChULMNNSdAhJyNSiEC/wGgKKC4YMA4TAAAAABJRU5ErkJggg=="
                  />
                  <figcaption
                    class="memori-media-item--figure-caption"
                  >
                    Game Cover
                  </figcaption>
                </picture>
              </div>
              <div
                class="memori-card--content"
              >
                <div
                  class="memori-card--children"
                />
              </div>
              <div
                class="memori-spin--spinner"
              >
                <svg
                  aria-hidden="true"
                  class="memori-loading-icon"
                  focusable="false"
                  role="img"
                  viewBox="0 0 1024 1024"
                  xmlns="http://www.w3.org/2000/svg"
                >
                  <path
                    d="M988 548c-19.9 0-36-16.1-36-36 0-59.4-11.6-117-34.6-171.3a440.45 440.45 0 00-94.3-139.9 437.71 437.71 0 00-139.9-94.3C629 83.6 571.4 72 512 72c-19.9 0-36-16.1-36-36s16.1-36 36-36c69.1 0 136.2 13.5 199.3 40.3C772.3 66 827 103 874 150c47 47 83.9 101.8 109.7 162.7 26.7 63.1 40.2 130.2 40.2 199.3.1 19.9-16 36-35.9 36z"
                  />
                </svg>
              </div>
            </div>
          </div>
        </a>
      </div>
      <div
        class="memori-media-item ease-out duration-500 delay-100 opacity-0 scale-95"
      >
        <a
          class="memori-media-item--link"
          href="https://memori.ai/medium"
          rel="noopener noreferrer"
          target="_blank"
          title="Game Cover"
        >
          <div
            class="memori-card memori-media-item--card memori-media-item--image memori-card--with-cover memori-card--hoverable"
          >
            <div
              class="memori-spin"
            >
              <div
                class="memori-card--cover"
              >
                <picture
                  class="memori-media-item--figure"
                >
                  <source
                    srcset="https://memori.ai/medium, https://memori.ai/medium, "
                    type="image/jpeg"
                  />
                  <img
                    alt="Game Cover"
                    src="data:image/png;base64,iVBORw0KGgoAAAANSUhEUgAAAMIAAADDCAYAAADQvc6UAAABRWlDQ1BJQ0MgUHJvZmlsZQAAKJFjYGASSSwoyGFhYGDIzSspCnJ3UoiIjFJgf8LAwSDCIMogwMCcmFxc4BgQ4ANUwgCjUcG3awyMIPqyLsis7PPOq3QdDFcvjV3jOD1boQVTPQrgSkktTgbSf4A4LbmgqISBgTEFyFYuLykAsTuAbJEioKOA7DkgdjqEvQHEToKwj4DVhAQ5A9k3gGyB5IxEoBmML4BsnSQk8XQkNtReEOBxcfXxUQg1Mjc0dyHgXNJBSWpFCYh2zi+oLMpMzyhRcASGUqqCZ16yno6CkYGRAQMDKMwhqj/fAIcloxgHQqxAjIHBEugw5sUIsSQpBobtQPdLciLEVJYzMPBHMDBsayhILEqEO4DxG0txmrERhM29nYGBddr//5/DGRjYNRkY/l7////39v///y4Dmn+LgeHANwDrkl1AuO+pmgAAADhlWElmTU0AKgAAAAgAAYdpAAQAAAABAAAAGgAAAAAAAqACAAQAAAABAAAAwqADAAQAAAABAAAAwwAAAAD9b/HnAAAHlklEQVR4Ae3dP3PTWBSGcbGzM6GCKqlIBRV0dHRJFarQ0eUT8LH4BnRU0NHR0UEFVdIlFRV7TzRksomPY8uykTk/zewQfKw/9znv4yvJynLv4uLiV2dBoDiBf4qP3/ARuCRABEFAoBEgghggQAQZQKAnYEaQBAQaASKIAQJEkAEEegJmBElAoBEgghggQAQZQKAnYEaQBAQaASKIAQJEkAEEegJmBElAoBEgghggQAQZQKAnYEaQBAQaASKIAQJEkAEEegJmBElAoBEgghggQAQZQKAnYEaQBAQaASKIAQJEkAEEegJmBElAoBEgghggQAQZQKAnYEaQBAQaASKIAQJEkAEEegJmBElAoBEgghggQAQZQKAnYEaQBAQaASKIAQJEkAEEegJmBElAoBEgghggQAQZQKAnYEaQBAQaASKIAQJEkAEEegJmBElAoBEgghggQAQZQKAnYEaQBAQaASKIAQJEkAEEegJmBElAoBEgghggQAQZQKAnYEaQBAQaASKIAQJEkAEEegJmBElAoBEgghggQAQZQKAnYEaQBAQaASKIAQJEkAEEegJmBElAoBEgghggQAQZQKAnYEaQBAQaASKIAQJEkAEEegJmBElAoBEgghggQAQZQKAnYEaQBAQaASKIAQJEkAEEegJmBElAoBEgghgg0Aj8i0JO4OzsrPv69Wv+hi2qPHr0qNvf39+iI97soRIh4f3z58/u7du3SXX7Xt7Z2enevHmzfQe+oSN2apSAPj09TSrb+XKI/f379+08+A0cNRE2ANkupk+ACNPvkSPcAAEibACyXUyfABGm3yNHuAECRNgAZLuYPgEirKlHu7u7XdyytGwHAd8jjNyng4OD7vnz51dbPT8/7z58+NB9+/bt6jU/TI+AGWHEnrx48eJ/EsSmHzx40L18+fLyzxF3ZVMjEyDCiEDjMYZZS5wiPXnyZFbJaxMhQIQRGzHvWR7XCyOCXsOmiDAi1HmPMMQjDpbpEiDCiL358eNHurW/5SnWdIBbXiDCiA38/Pnzrce2YyZ4//59F3ePLNMl4PbpiL2J0L979+7yDtHDhw8vtzzvdGnEXdvUigSIsCLAWavHp/+qM0BcXMd/q25n1vF57TYBp0a3mUzilePj4+7k5KSLb6gt6ydAhPUzXnoPR0dHl79WGTNCfBnn1uvSCJdegQhLI1vvCk+fPu2ePXt2tZOYEV6/fn31dz+shwAR1sP1cqvLntbEN9MxA9xcYjsxS1jWR4AIa2Ibzx0tc44fYX/16lV6NDFLXH+YL32jwiACRBiEbf5KcXoTIsQSpzXx4N28Ja4BQoK7rgXiydbHjx/P25TaQAJEGAguWy0+2Q8PD6/Ki4R8EVl+bzBOnZY95fq9rj9zAkTI2SxdidBHqG9+skdw43borCXO/ZcJdraPWdv22uIEiLA4q7nvvCug8WTqzQveOH26fodo7g6uFe/a17W3+nFBAkRYENRdb1vkkz1CH9cPsVy/jrhr27PqMYvENYNlHAIesRiBYwRy0V+8iXP8+/fvX11Mr7L7ECueb/r48eMqm7FuI2BGWDEG8cm+7G3NEOfmdcTQw4h9/55lhm7DekRYKQPZF2ArbXTAyu4kDYB2YxUzwg0gi/41ztHnfQG26HbGel/crVrm7tNY+/1btkOEAZ2M05r4FB7r9GbAIdxaZYrHdOsgJ/wCEQY0J74TmOKnbxxT9n3FgGGWWsVdowHtjt9Nnvf7yQM2aZU/TIAIAxrw6dOnAWtZZcoEnBpNuTuObWMEiLAx1HY0ZQJEmHJ3HNvGCBBhY6jtaMoEiJB0Z29vL6ls58vxPcO8/zfrdo5qvKO+d3Fx8Wu8zf1dW4p/cPzLly/dtv9Ts/EbcvGAHhHyfBIhZ6NSiIBTo0LNNtScABFyNiqFCBChULMNNSdAhJyNSiECRCjUbEPNCRAhZ6NSiAARCjXbUHMCRMjZqBQiQIRCzTbUnAARcjYqhQgQoVCzDTUnQIScjUohAkQo1GxDzQkQIWejUogAEQo121BzAkTI2agUIkCEQs021JwAEXI2KoUIEKFQsw01J0CEnI1KIQJEKNRsQ80JECFno1KIABEKNdtQcwJEyNmoFCJAhELNNtScABFyNiqFCBChULMNNSdAhJyNSiECRCjUbEPNCRAhZ6NSiAARCjXbUHMCRMjZqBQiQIRCzTbUnAARcjYqhQgQoVCzDTUnQIScjUohAkQo1GxDzQkQIWejUogAEQo121BzAkTI2agUIkCEQs021JwAEXI2KoUIEKFQsw01J0CEnI1KIQJEKNRsQ80JECFno1KIABEKNdtQcwJEyNmoFCJAhELNNtScABFyNiqFCBChULMNNSdAhJyNSiECRCjUbEPNCRAhZ6NSiAARCjXbUHMCRMjZqBQiQIRCzTbUnAARcjYqhQgQoVCzDTUnQIScjUohAkQo1GxDzQkQIWejUogAEQo121BzAkTI2agUIkCEQs021JwAEXI2KoUIEKFQsw01J0CEnI1KIQJEKNRsQ80JECFno1KIABEKNdtQcwJEyNmoFCJAhELNNtScABFyNiqFCBChULMNNSdAhJyNSiEC/wGgKKC4YMA4TAAAAABJRU5ErkJggg=="
                  />
                  <figcaption
                    class="memori-media-item--figure-caption"
                  >
                    Game Cover
                  </figcaption>
                </picture>
              </div>
              <div
                class="memori-card--content"
              >
                <div
                  class="memori-card--children"
                />
              </div>
              <div
                class="memori-spin--spinner"
              >
                <svg
                  aria-hidden="true"
                  class="memori-loading-icon"
                  focusable="false"
                  role="img"
                  viewBox="0 0 1024 1024"
                  xmlns="http://www.w3.org/2000/svg"
                >
                  <path
                    d="M988 548c-19.9 0-36-16.1-36-36 0-59.4-11.6-117-34.6-171.3a440.45 440.45 0 00-94.3-139.9 437.71 437.71 0 00-139.9-94.3C629 83.6 571.4 72 512 72c-19.9 0-36-16.1-36-36s16.1-36 36-36c69.1 0 136.2 13.5 199.3 40.3C772.3 66 827 103 874 150c47 47 83.9 101.8 109.7 162.7 26.7 63.1 40.2 130.2 40.2 199.3.1 19.9-16 36-35.9 36z"
                  />
                </svg>
              </div>
            </div>
          </div>
        </a>
      </div>
      <div
        class="memori-media-item ease-out duration-500 delay-200 opacity-0 scale-95"
      >
        <a
          class="memori-media-item--link"
          href="https://memori.ai/now"
          rel="noopener noreferrer"
          target="_blank"
          title="Game Cover"
        >
          <div
            class="memori-card memori-media-item--card memori-media-item--image memori-card--with-cover memori-card--hoverable"
          >
            <div
              class="memori-spin"
            >
              <div
                class="memori-card--cover"
              >
                <picture
                  class="memori-media-item--figure"
                >
                  <source
                    srcset="https://memori.ai/now, https://memori.ai/now, "
                    type="image/jpeg"
                  />
                  <img
                    alt="Game Cover"
                    src="data:image/png;base64,iVBORw0KGgoAAAANSUhEUgAAAMIAAADDCAYAAADQvc6UAAABRWlDQ1BJQ0MgUHJvZmlsZQAAKJFjYGASSSwoyGFhYGDIzSspCnJ3UoiIjFJgf8LAwSDCIMogwMCcmFxc4BgQ4ANUwgCjUcG3awyMIPqyLsis7PPOq3QdDFcvjV3jOD1boQVTPQrgSkktTgbSf4A4LbmgqISBgTEFyFYuLykAsTuAbJEioKOA7DkgdjqEvQHEToKwj4DVhAQ5A9k3gGyB5IxEoBmML4BsnSQk8XQkNtReEOBxcfXxUQg1Mjc0dyHgXNJBSWpFCYh2zi+oLMpMzyhRcASGUqqCZ16yno6CkYGRAQMDKMwhqj/fAIcloxgHQqxAjIHBEugw5sUIsSQpBobtQPdLciLEVJYzMPBHMDBsayhILEqEO4DxG0txmrERhM29nYGBddr//5/DGRjYNRkY/l7////39v///y4Dmn+LgeHANwDrkl1AuO+pmgAAADhlWElmTU0AKgAAAAgAAYdpAAQAAAABAAAAGgAAAAAAAqACAAQAAAABAAAAwqADAAQAAAABAAAAwwAAAAD9b/HnAAAHlklEQVR4Ae3dP3PTWBSGcbGzM6GCKqlIBRV0dHRJFarQ0eUT8LH4BnRU0NHR0UEFVdIlFRV7TzRksomPY8uykTk/zewQfKw/9znv4yvJynLv4uLiV2dBoDiBf4qP3/ARuCRABEFAoBEgghggQAQZQKAnYEaQBAQaASKIAQJEkAEEegJmBElAoBEgghggQAQZQKAnYEaQBAQaASKIAQJEkAEEegJmBElAoBEgghggQAQZQKAnYEaQBAQaASKIAQJEkAEEegJmBElAoBEgghggQAQZQKAnYEaQBAQaASKIAQJEkAEEegJmBElAoBEgghggQAQZQKAnYEaQBAQaASKIAQJEkAEEegJmBElAoBEgghggQAQZQKAnYEaQBAQaASKIAQJEkAEEegJmBElAoBEgghggQAQZQKAnYEaQBAQaASKIAQJEkAEEegJmBElAoBEgghggQAQZQKAnYEaQBAQaASKIAQJEkAEEegJmBElAoBEgghggQAQZQKAnYEaQBAQaASKIAQJEkAEEegJmBElAoBEgghggQAQZQKAnYEaQBAQaASKIAQJEkAEEegJmBElAoBEgghggQAQZQKAnYEaQBAQaASKIAQJEkAEEegJmBElAoBEgghggQAQZQKAnYEaQBAQaASKIAQJEkAEEegJmBElAoBEgghgg0Aj8i0JO4OzsrPv69Wv+hi2qPHr0qNvf39+iI97soRIh4f3z58/u7du3SXX7Xt7Z2enevHmzfQe+oSN2apSAPj09TSrb+XKI/f379+08+A0cNRE2ANkupk+ACNPvkSPcAAEibACyXUyfABGm3yNHuAECRNgAZLuYPgEirKlHu7u7XdyytGwHAd8jjNyng4OD7vnz51dbPT8/7z58+NB9+/bt6jU/TI+AGWHEnrx48eJ/EsSmHzx40L18+fLyzxF3ZVMjEyDCiEDjMYZZS5wiPXnyZFbJaxMhQIQRGzHvWR7XCyOCXsOmiDAi1HmPMMQjDpbpEiDCiL358eNHurW/5SnWdIBbXiDCiA38/Pnzrce2YyZ4//59F3ePLNMl4PbpiL2J0L979+7yDtHDhw8vtzzvdGnEXdvUigSIsCLAWavHp/+qM0BcXMd/q25n1vF57TYBp0a3mUzilePj4+7k5KSLb6gt6ydAhPUzXnoPR0dHl79WGTNCfBnn1uvSCJdegQhLI1vvCk+fPu2ePXt2tZOYEV6/fn31dz+shwAR1sP1cqvLntbEN9MxA9xcYjsxS1jWR4AIa2Ibzx0tc44fYX/16lV6NDFLXH+YL32jwiACRBiEbf5KcXoTIsQSpzXx4N28Ja4BQoK7rgXiydbHjx/P25TaQAJEGAguWy0+2Q8PD6/Ki4R8EVl+bzBOnZY95fq9rj9zAkTI2SxdidBHqG9+skdw43borCXO/ZcJdraPWdv22uIEiLA4q7nvvCug8WTqzQveOH26fodo7g6uFe/a17W3+nFBAkRYENRdb1vkkz1CH9cPsVy/jrhr27PqMYvENYNlHAIesRiBYwRy0V+8iXP8+/fvX11Mr7L7ECueb/r48eMqm7FuI2BGWDEG8cm+7G3NEOfmdcTQw4h9/55lhm7DekRYKQPZF2ArbXTAyu4kDYB2YxUzwg0gi/41ztHnfQG26HbGel/crVrm7tNY+/1btkOEAZ2M05r4FB7r9GbAIdxaZYrHdOsgJ/wCEQY0J74TmOKnbxxT9n3FgGGWWsVdowHtjt9Nnvf7yQM2aZU/TIAIAxrw6dOnAWtZZcoEnBpNuTuObWMEiLAx1HY0ZQJEmHJ3HNvGCBBhY6jtaMoEiJB0Z29vL6ls58vxPcO8/zfrdo5qvKO+d3Fx8Wu8zf1dW4p/cPzLly/dtv9Ts/EbcvGAHhHyfBIhZ6NSiIBTo0LNNtScABFyNiqFCBChULMNNSdAhJyNSiECRCjUbEPNCRAhZ6NSiAARCjXbUHMCRMjZqBQiQIRCzTbUnAARcjYqhQgQoVCzDTUnQIScjUohAkQo1GxDzQkQIWejUogAEQo121BzAkTI2agUIkCEQs021JwAEXI2KoUIEKFQsw01J0CEnI1KIQJEKNRsQ80JECFno1KIABEKNdtQcwJEyNmoFCJAhELNNtScABFyNiqFCBChULMNNSdAhJyNSiECRCjUbEPNCRAhZ6NSiAARCjXbUHMCRMjZqBQiQIRCzTbUnAARcjYqhQgQoVCzDTUnQIScjUohAkQo1GxDzQkQIWejUogAEQo121BzAkTI2agUIkCEQs021JwAEXI2KoUIEKFQsw01J0CEnI1KIQJEKNRsQ80JECFno1KIABEKNdtQcwJEyNmoFCJAhELNNtScABFyNiqFCBChULMNNSdAhJyNSiECRCjUbEPNCRAhZ6NSiAARCjXbUHMCRMjZqBQiQIRCzTbUnAARcjYqhQgQoVCzDTUnQIScjUohAkQo1GxDzQkQIWejUogAEQo121BzAkTI2agUIkCEQs021JwAEXI2KoUIEKFQsw01J0CEnI1KIQJEKNRsQ80JECFno1KIABEKNdtQcwJEyNmoFCJAhELNNtScABFyNiqFCBChULMNNSdAhJyNSiEC/wGgKKC4YMA4TAAAAABJRU5ErkJggg=="
                  />
                  <figcaption
                    class="memori-media-item--figure-caption"
                  >
                    Game Cover
                  </figcaption>
                </picture>
              </div>
              <div
                class="memori-card--content"
              >
                <div
                  class="memori-card--children"
                />
              </div>
              <div
                class="memori-spin--spinner"
              >
                <svg
                  aria-hidden="true"
                  class="memori-loading-icon"
                  focusable="false"
                  role="img"
                  viewBox="0 0 1024 1024"
                  xmlns="http://www.w3.org/2000/svg"
                >
                  <path
                    d="M988 548c-19.9 0-36-16.1-36-36 0-59.4-11.6-117-34.6-171.3a440.45 440.45 0 00-94.3-139.9 437.71 437.71 0 00-139.9-94.3C629 83.6 571.4 72 512 72c-19.9 0-36-16.1-36-36s16.1-36 36-36c69.1 0 136.2 13.5 199.3 40.3C772.3 66 827 103 874 150c47 47 83.9 101.8 109.7 162.7 26.7 63.1 40.2 130.2 40.2 199.3.1 19.9-16 36-35.9 36z"
                  />
                </svg>
              </div>
            </div>
          </div>
        </a>
      </div>
    </div>
  </div>
</div>
`;
